(TranslationUnit
    (SymbolTable
        1
        {
            implied_do_loop1:
                (Program
                    (SymbolTable
                        2
                        {
                            a:
                                (Variable
                                    2
                                    a
                                    []
                                    Local
                                    (ArrayConstant
                                        40
                                        [1, 2, 3, ...., 8, 9, 10]
                                        (Array
                                            (Integer 4)
                                            [((IntegerConstant 1 (Integer 4))
                                            (IntegerConstant 10 (Integer 4)))]
                                            FixedSizeArray
                                        )
                                        ColMajor
                                    )
                                    (ArrayConstant
                                        40
                                        [1, 2, 3, ...., 8, 9, 10]
                                        (Array
                                            (Integer 4)
                                            [((IntegerConstant 1 (Integer 4))
                                            (IntegerConstant 10 (Integer 4)))]
                                            FixedSizeArray
                                        )
                                        ColMajor
                                    )
                                    Save
                                    (Array
                                        (Integer 4)
                                        [((IntegerConstant 1 (Integer 4))
                                        (IntegerConstant 10 (Integer 4)))]
                                        FixedSizeArray
                                    )
                                    ()
                                    Source
                                    Public
                                    Required
                                    .false.
                                ),
                            j:
                                (Variable
                                    2
                                    j
                                    []
                                    Local
                                    ()
                                    ()
                                    Default
                                    (Integer 4)
                                    ()
                                    Source
                                    Public
                                    Required
                                    .false.
                                ),
                            s:
                                (Function
                                    (SymbolTable
                                        3
                                        {
                                            
                                        })
                                    s
                                    (FunctionType
                                        []
                                        ()
                                        Source
                                        Implementation
                                        ()
                                        .false.
                                        .false.
                                        .false.
                                        .false.
                                        .false.
                                        []
                                        .false.
                                    )
                                    []
                                    []
                                    [(Print
                                        [(ArrayConstant
                                            12
                                            [1, 2, 3]
                                            (Array
                                                (Integer 4)
                                                [((IntegerConstant 1 (Integer 4))
                                                (IntegerConstant 3 (Integer 4)))]
                                                FixedSizeArray
                                            )
                                            ColMajor
                                        )]
                                        ()
                                        ()
                                    )]
                                    ()
                                    Public
                                    .false.
                                    .false.
                                    ()
                                )
                        })
                    implied_do_loop1
                    []
                    [(SubroutineCall
                        2 s
                        ()
                        []
                        ()
                    )
                    (Print
                        [(ArrayConstant
                            40
                            [1, 2, 3, ...., 8, 9, 10]
                            (Array
                                (Integer 4)
                                [((IntegerConstant 1 (Integer 4))
                                (IntegerConstant 10 (Integer 4)))]
                                FixedSizeArray
                            )
                            ColMajor
                        )]
                        ()
                        ()
                    )]
                )
        })
    []
)
