(TranslationUnit
    (SymbolTable
        1
        {
            where_01:
                (Program
                    (SymbolTable
                        2
                        {
                            a:
                                (Variable
                                    2
                                    a
                                    []
                                    Local
                                    ()
                                    ()
                                    Default
                                    (Integer 4 [((IntegerConstant 1 (Integer 4 []))
                                    (IntegerConstant 10 (Integer 4 [])))])
                                    ()
                                    Source
                                    Public
                                    Required
                                    .false.
                                ),
                            b:
                                (Variable
                                    2
                                    b
                                    []
                                    Local
                                    ()
                                    ()
                                    Default
                                    (Integer 4 [((IntegerConstant 1 (Integer 4 []))
                                    (IntegerConstant 10 (Integer 4 [])))])
                                    ()
                                    Source
                                    Public
                                    Required
                                    .false.
                                )
                        })
                    where_01
                    []
                    [(Where
                        (IntegerCompare
                            (Var 2 a)
                            GtE
                            (IntegerConstant 0 (Integer 4 []))
                            (Logical 4 [((IntegerConstant 1 (Integer 4 []))
                            (IntegerConstant 10 (Integer 4 [])))])
                            ()
                        )
                        [(=
                            (Var 2 b)
                            (IntegerConstant 1 (Integer 4 []))
                            ()
                        )]
                        [(=
                            (Var 2 b)
                            (IntegerConstant 0 (Integer 4 []))
                            ()
                        )]
                    )
                    (Where
                        (IntegerCompare
                            (Var 2 a)
                            GtE
                            (IntegerConstant 0 (Integer 4 []))
                            (Logical 4 [((IntegerConstant 1 (Integer 4 []))
                            (IntegerConstant 10 (Integer 4 [])))])
                            ()
                        )
                        [(=
                            (Var 2 b)
                            (IntegerConstant 1 (Integer 4 []))
                            ()
                        )]
                        [(=
                            (Var 2 b)
                            (IntegerConstant 0 (Integer 4 []))
                            ()
                        )]
                    )
                    (Where
                        (IntegerCompare
                            (Var 2 a)
                            GtE
                            (IntegerConstant 0 (Integer 4 []))
                            (Logical 4 [((IntegerConstant 1 (Integer 4 []))
                            (IntegerConstant 10 (Integer 4 [])))])
                            ()
                        )
                        [(=
                            (Var 2 b)
                            (IntegerConstant 1 (Integer 4 []))
                            ()
                        )]
                        [(=
                            (Var 2 b)
                            (IntegerConstant 0 (Integer 4 []))
                            ()
                        )]
                    )]
                )
        })
    []
)
