(TranslationUnit
    (SymbolTable
        1
        {
            zdotc:
                (Function
                    (SymbolTable
                        2
                        {
                            n:
                                (Variable
                                    2
                                    n
                                    []
                                    Unspecified
                                    ()
                                    ()
                                    Default
                                    (Integer 4 [])
                                    Source
                                    Public
                                    Required
                                    .false.
                                ),
                            zdotc:
                                (Variable
                                    2
                                    zdotc
                                    []
                                    ReturnVar
                                    ()
                                    ()
                                    Default
                                    (Complex 8 [])
                                    Source
                                    Public
                                    Required
                                    .false.
                                ),
                            zx:
                                (Variable
                                    2
                                    zx
                                    []
                                    Unspecified
                                    ()
                                    ()
                                    Default
                                    (Complex 8 [(()
                                    ())])
                                    Source
                                    Public
                                    Required
                                    .false.
                                )
                        })
                    zdotc
                    []
                    [(Var 2 n)
                    (Var 2 zx)]
                    [(Return)]
                    (Var 2 zdotc)
                    Source
                    Public
                    Implementation
                    ()
                    .false.
                    .false.
                    .false.
                    .false.
                    .false.
                    []
                    []
                    .false.
                )
        })
    []
)
