semantic error: `I` must be nonnegative
 --> tests/errors/maskr_negative.f90:2:12
  |
2 |    print*, maskr(-24)
  |            ^^^^^^^^^^ 
