(TranslationUnit
    (SymbolTable
        1
        {
            common1:
                (Program
                    (SymbolTable
                        5
                        {
                            1_sample_a:
                                (ExternalSymbol
                                    5
                                    1_sample_a
                                    4 a
                                    sample
                                    []
                                    a
                                    Public
                                ),
                            1_sample_b:
                                (ExternalSymbol
                                    5
                                    1_sample_b
                                    4 b
                                    sample
                                    []
                                    b
                                    Public
                                ),
                            sample:
                                (ExternalSymbol
                                    5
                                    sample
                                    3 sample
                                    file_common_block_sample
                                    []
                                    sample
                                    Public
                                ),
                            struct_instance_sample:
                                (Variable
                                    5
                                    struct_instance_sample
                                    []
                                    Local
                                    ()
                                    ()
                                    Default
                                    (Struct
                                        5 sample
                                        []
                                    )
                                    ()
                                    Source
                                    Public
                                    Required
                                    .false.
                                )
                        })
                    common1
                    []
                    [(=
                        (StructInstanceMember
                            (Var 5 struct_instance_sample)
                            5 1_sample_a
                            (Real 4 [])
                            ()
                        )
                        (RealConstant
                            10.000000
                            (Real 4 [])
                        )
                        ()
                    )
                    (=
                        (StructInstanceMember
                            (Var 5 struct_instance_sample)
                            5 1_sample_b
                            (Real 4 [])
                            ()
                        )
                        (RealConstant
                            20.000000
                            (Real 4 [])
                        )
                        ()
                    )
                    (SubroutineCall
                        1 pass
                        ()
                        []
                        ()
                    )]
                ),
            file_common_block_b:
                (Module
                    (SymbolTable
                        8
                        {
                            b:
                                (StructType
                                    (SymbolTable
                                        9
                                        {
                                            d:
                                                (Variable
                                                    9
                                                    d
                                                    []
                                                    Local
                                                    ()
                                                    ()
                                                    Default
                                                    (Integer 4 [])
                                                    ()
                                                    Source
                                                    Public
                                                    Required
                                                    .false.
                                                ),
                                            e:
                                                (Variable
                                                    9
                                                    e
                                                    []
                                                    Local
                                                    ()
                                                    ()
                                                    Default
                                                    (Integer 4 [])
                                                    ()
                                                    Source
                                                    Public
                                                    Required
                                                    .false.
                                                ),
                                            f:
                                                (Variable
                                                    9
                                                    f
                                                    []
                                                    Local
                                                    ()
                                                    ()
                                                    Default
                                                    (Integer 4 [])
                                                    ()
                                                    Source
                                                    Public
                                                    Required
                                                    .false.
                                                )
                                        })
                                    b
                                    []
                                    []
                                    Source
                                    Public
                                    .false.
                                    .false.
                                    ()
                                    ()
                                )
                        })
                    file_common_block_b
                    [b]
                    .false.
                    .false.
                ),
            file_common_block_c:
                (Module
                    (SymbolTable
                        6
                        {
                            c:
                                (StructType
                                    (SymbolTable
                                        7
                                        {
                                            c:
                                                (Variable
                                                    7
                                                    c
                                                    []
                                                    Local
                                                    ()
                                                    ()
                                                    Default
                                                    (Integer 4 [])
                                                    ()
                                                    Source
                                                    Public
                                                    Required
                                                    .false.
                                                ),
                                            g:
                                                (Variable
                                                    7
                                                    g
                                                    []
                                                    Local
                                                    ()
                                                    ()
                                                    Default
                                                    (Integer 4 [])
                                                    ()
                                                    Source
                                                    Public
                                                    Required
                                                    .false.
                                                ),
                                            h:
                                                (Variable
                                                    7
                                                    h
                                                    []
                                                    Local
                                                    ()
                                                    ()
                                                    Default
                                                    (Integer 4 [])
                                                    ()
                                                    Source
                                                    Public
                                                    Required
                                                    .false.
                                                ),
                                            j:
                                                (Variable
                                                    7
                                                    j
                                                    []
                                                    Local
                                                    ()
                                                    ()
                                                    Default
                                                    (Integer 4 [])
                                                    ()
                                                    Source
                                                    Public
                                                    Required
                                                    .false.
                                                )
                                        })
                                    c
                                    []
                                    []
                                    Source
                                    Public
                                    .false.
                                    .false.
                                    ()
                                    ()
                                )
                        })
                    file_common_block_c
                    [c]
                    .false.
                    .false.
                ),
            file_common_block_sample:
                (Module
                    (SymbolTable
                        3
                        {
                            sample:
                                (StructType
                                    (SymbolTable
                                        4
                                        {
                                            a:
                                                (Variable
                                                    4
                                                    a
                                                    []
                                                    Local
                                                    ()
                                                    ()
                                                    Default
                                                    (Real 4 [])
                                                    ()
                                                    Source
                                                    Public
                                                    Required
                                                    .false.
                                                ),
                                            b:
                                                (Variable
                                                    4
                                                    b
                                                    []
                                                    Local
                                                    ()
                                                    ()
                                                    Default
                                                    (Real 4 [])
                                                    ()
                                                    Source
                                                    Public
                                                    Required
                                                    .false.
                                                ),
                                            i:
                                                (Variable
                                                    4
                                                    i
                                                    []
                                                    Local
                                                    ()
                                                    ()
                                                    Default
                                                    (Integer 4 [((IntegerConstant 1 (Integer 4 []))
                                                    (IntegerConstant 5 (Integer 4 [])))])
                                                    ()
                                                    Source
                                                    Public
                                                    Required
                                                    .false.
                                                )
                                        })
                                    sample
                                    []
                                    []
                                    Source
                                    Public
                                    .false.
                                    .false.
                                    ()
                                    ()
                                )
                        })
                    file_common_block_sample
                    [sample]
                    .false.
                    .false.
                ),
            pass:
                (Function
                    (SymbolTable
                        2
                        {
                            1_sample_a:
                                (ExternalSymbol
                                    2
                                    1_sample_a
                                    4 a
                                    sample
                                    []
                                    a
                                    Public
                                ),
                            1_sample_b:
                                (ExternalSymbol
                                    2
                                    1_sample_b
                                    4 b
                                    sample
                                    []
                                    b
                                    Public
                                ),
                            e:
                                (Variable
                                    2
                                    e
                                    []
                                    Local
                                    ()
                                    ()
                                    Default
                                    (Integer 4 [])
                                    ()
                                    Source
                                    Public
                                    Required
                                    .false.
                                ),
                            sample:
                                (ExternalSymbol
                                    2
                                    sample
                                    3 sample
                                    file_common_block_sample
                                    []
                                    sample
                                    Public
                                ),
                            struct_instance_sample:
                                (Variable
                                    2
                                    struct_instance_sample
                                    []
                                    Local
                                    ()
                                    ()
                                    Default
                                    (Struct
                                        2 sample
                                        []
                                    )
                                    ()
                                    Source
                                    Public
                                    Required
                                    .false.
                                )
                        })
                    pass
                    (FunctionType
                        []
                        ()
                        Source
                        Implementation
                        ()
                        .false.
                        .false.
                        .false.
                        .false.
                        .false.
                        []
                        []
                        .false.
                    )
                    []
                    []
                    [(Print
                        ()
                        [(StructInstanceMember
                            (Var 2 struct_instance_sample)
                            2 1_sample_a
                            (Real 4 [])
                            ()
                        )
                        (StructInstanceMember
                            (Var 2 struct_instance_sample)
                            2 1_sample_b
                            (Real 4 [])
                            ()
                        )
                        (Var 2 e)]
                        ()
                        ()
                    )]
                    ()
                    Public
                    .false.
                    .false.
                    ()
                )
        })
    []
)
