(TranslationUnit
    (SymbolTable
        1
        {
            loop_and_block:
                (Program
                    (SymbolTable
                        2
                        {
                            i:
                                (Variable
                                    2
                                    i
                                    []
                                    Local
                                    ()
                                    ()
                                    Default
                                    (Integer 4 [])
                                    Source
                                    Public
                                    Required
                                    .false.
                                )
                        })
                    loop_and_block
                    []
                    [(DoLoop
                        l1
                        ((Var 2 i)
                        (IntegerConstant 1 (Integer 4 []))
                        (IntegerConstant 10 (Integer 4 []))
                        ())
                        [(Print
                            ()
                            [(StringConstant
                                "l1"
                                (Character 1 2 () [])
                            )
                            (Var 2 i)]
                            ()
                            ()
                        )
                        (BlockCall
                            -1
                            2 b1
                        )
                        (If
                            (IntegerCompare
                                (Var 2 i)
                                Gt
                                (IntegerConstant 2 (Integer 4 []))
                                (Logical 4 [])
                                ()
                            )
                            [(Print
                                ()
                                [(StringConstant
                                    "error l1"
                                    (Character 1 8 () [])
                                )]
                                ()
                                ()
                            )]
                            []
                        )]
                    )
                    (If
                        (IntegerCompare
                            (Var 2 i)
                            Eq
                            (IntegerConstant 3 (Integer 4 []))
                            (Logical 4 [])
                            ()
                        )
                        [(Print
                            ()
                            [(StringConstant
                                "pass"
                                (Character 1 4 () [])
                            )]
                            ()
                            ()
                        )]
                        []
                    )]
                )
        })
    []
)
