(TranslationUnit
    (SymbolTable
        1
        {
            character_01:
                (Program
                    (SymbolTable
                        2
                        {
                            c_null_char:
                                (Variable
                                    2
                                    c_null_char
                                    []
                                    Local
                                    (StringConstant
                                        "ball"
                                        (Character 1 4 ())
                                    )
                                    (StringConstant
                                        "b"
                                        (Character 1 1 ())
                                    )
                                    Parameter
                                    (Character 1 1 ())
                                    ()
                                    Source
                                    Public
                                    Required
                                    .false.
                                )
                        })
                    character_01
                    []
                    []
                )
        })
    []
)
