(TranslationUnit
    (SymbolTable
        1
        {
            block_02:
                (Program
                    (SymbolTable
                        2
                        {
                            a:
                                (Variable
                                    2
                                    a
                                    []
                                    Local
                                    ()
                                    ()
                                    Default
                                    (Integer 4 [])
                                    Source
                                    Public
                                    Required
                                    .false.
                                )
                        })
                    block_02
                    []
                    [(=
                        (Var 2 a)
                        (IntegerConstant 10 (Integer 4 []))
                        ()
                    )
                    (GoToTarget
                        1
                        1
                    )
                    (BlockCall
                        -1
                        2 loop
                    )]
                ),
            square:
                (Function
                    (SymbolTable
                        3
                        {
                            b:
                                (Variable
                                    3
                                    b
                                    []
                                    Unspecified
                                    ()
                                    ()
                                    Default
                                    (Integer 4 [])
                                    Source
                                    Public
                                    Required
                                    .false.
                                ),
                            result:
                                (Variable
                                    3
                                    result
                                    []
                                    Local
                                    ()
                                    ()
                                    Default
                                    (Integer 4 [])
                                    Source
                                    Public
                                    Required
                                    .false.
                                )
                        })
                    square
                    (FunctionType
                        [(Integer 4 [])]
                        ()
                        Source
                        Implementation
                        ()
                        .false.
                        .false.
                        .false.
                        .false.
                        .false.
                        []
                        []
                        .false.
                    )
                    []
                    [(Var 3 b)]
                    [(=
                        (Var 3 result)
                        (IntegerBinOp
                            (Var 3 b)
                            Mul
                            (Var 3 b)
                            (Integer 4 [])
                            ()
                        )
                        ()
                    )
                    (If
                        (IntegerCompare
                            (Var 3 result)
                            NotEq
                            (IntegerConstant 100 (Integer 4 []))
                            (Logical 4 [])
                            ()
                        )
                        [(ErrorStop
                            ()
                        )]
                        []
                    )
                    (Print
                        ()
                        [(Var 3 result)]
                        ()
                        ()
                    )]
                    ()
                    Public
                    .false.
                    .false.
                )
        })
    []
)
