(TranslationUnit
    (SymbolTable
        1
        {
            allocate_04:
                (Program
                    (SymbolTable
                        2
                        {
                            c:
                                (Variable
                                    2
                                    c
                                    []
                                    Local
                                    ()
                                    ()
                                    Allocatable
                                    (Integer 4 [(()
                                    ())
                                    (()
                                    ())
                                    (()
                                    ())])
                                    Source
                                    Public
                                    Required
                                    .false.
                                ),
                            len_trim:
                                (ExternalSymbol
                                    2
                                    len_trim
                                    4 len_trim
                                    lfortran_intrinsic_string
                                    []
                                    len_trim
                                    Private
                                ),
                            message:
                                (Variable
                                    2
                                    message
                                    []
                                    Local
                                    ()
                                    ()
                                    Allocatable
                                    (Character 1 -2 () [])
                                    Source
                                    Public
                                    Required
                                    .false.
                                ),
                            num:
                                (Variable
                                    2
                                    num
                                    []
                                    Local
                                    ()
                                    ()
                                    Default
                                    (Character 1 20 () [])
                                    Source
                                    Public
                                    Required
                                    .false.
                                ),
                            string:
                                (Variable
                                    2
                                    string
                                    []
                                    Local
                                    ()
                                    ()
                                    Allocatable
                                    (Character 1 -2 () [])
                                    Source
                                    Public
                                    Required
                                    .false.
                                )
                        })
                    allocate_04
                    []
                    [(Allocate
                        [((Var 2 string)
                        [])]
                        ()
                        ()
                        ()
                    )
                    (Allocate
                        [((Var 2 message)
                        [])]
                        ()
                        ()
                        ()
                    )
                    (Allocate
                        [((Var 2 c)
                        [((IntegerConstant 1 (Integer 4 []))
                        (IntegerConstant 3 (Integer 4 [])))
                        ((IntegerConstant 1 (Integer 4 []))
                        (IntegerConstant 3 (Integer 4 [])))
                        ((IntegerConstant 1 (Integer 4 []))
                        (IntegerConstant 3 (Integer 4 [])))])]
                        ()
                        ()
                        ()
                    )
                    (=
                        (Var 2 string)
                        (StringConstant
                            "lfortran"
                            (Character 1 8 () [])
                        )
                        ()
                    )
                    (If
                        (StringCompare
                            (Var 2 string)
                            NotEq
                            (StringConstant
                                "lfortran"
                                (Character 1 8 () [])
                            )
                            (Logical 4 [])
                            ()
                        )
                        [(ErrorStop
                            ()
                        )]
                        []
                    )
                    (=
                        (Var 2 num)
                        (StringConstant
                            "lfortran working"
                            (Character 1 16 () [])
                        )
                        ()
                    )
                    (=
                        (Var 2 message)
                        (StringSection
                            (Var 2 num)
                            (IntegerConstant 1 (Integer 4 []))
                            (IntegerBinOp
                                (FunctionCall
                                    2 len_trim
                                    ()
                                    [((Var 2 num))]
                                    (Integer 4 [])
                                    ()
                                    ()
                                )
                                Add
                                (IntegerConstant 1 (Integer 4 []))
                                (Integer 4 [])
                                ()
                            )
                            (IntegerConstant 1 (Integer 4 []))
                            (Character 1 -1 () [])
                            ()
                        )
                        ()
                    )
                    (Print
                        ()
                        [(Var 2 message)]
                        ()
                        ()
                    )
                    (ImplicitDeallocate
                        [2 c
                        2 message
                        2 string]
                    )]
                ),
            iso_fortran_env:
                (IntrinsicModule lfortran_intrinsic_iso_fortran_env),
            lfortran_intrinsic_builtin:
                (IntrinsicModule lfortran_intrinsic_builtin),
            lfortran_intrinsic_string:
                (IntrinsicModule lfortran_intrinsic_string)
        })
    []
)
