(TranslationUnit
    (SymbolTable
        1
        {
            main:
                (Program
                    (SymbolTable
                        2
                        {
                            x1:
                                (Variable
                                    2
                                    x1
                                    []
                                    Local
                                    ()
                                    ()
                                    Default
                                    (Array
                                        (Logical 4)
                                        [((IntegerConstant 1 (Integer 4))
                                        (IntegerConstant 2 (Integer 4)))
                                        ((IntegerConstant 1 (Integer 4))
                                        (IntegerConstant 2 (Integer 4)))]
                                        FixedSizeArray
                                    )
                                    ()
                                    Source
                                    Public
                                    Required
                                    .false.
                                )
                        })
                    main
                    []
                    [(Assignment
                        (ArrayItem
                            (Var 2 x1)
                            [(()
                            (IntegerConstant 1 (Integer 4))
                            ())
                            (()
                            (IntegerConstant 1 (Integer 4))
                            ())]
                            (Logical 4)
                            ColMajor
                            ()
                        )
                        (LogicalConstant
                            .true.
                            (Logical 4)
                        )
                        ()
                    )
                    (Assignment
                        (ArrayItem
                            (Var 2 x1)
                            [(()
                            (IntegerConstant 1 (Integer 4))
                            ())
                            (()
                            (IntegerConstant 2 (Integer 4))
                            ())]
                            (Logical 4)
                            ColMajor
                            ()
                        )
                        (LogicalConstant
                            .false.
                            (Logical 4)
                        )
                        ()
                    )
                    (Assignment
                        (ArrayItem
                            (Var 2 x1)
                            [(()
                            (IntegerConstant 2 (Integer 4))
                            ())
                            (()
                            (IntegerConstant 1 (Integer 4))
                            ())]
                            (Logical 4)
                            ColMajor
                            ()
                        )
                        (LogicalConstant
                            .false.
                            (Logical 4)
                        )
                        ()
                    )
                    (Assignment
                        (ArrayItem
                            (Var 2 x1)
                            [(()
                            (IntegerConstant 2 (Integer 4))
                            ())
                            (()
                            (IntegerConstant 2 (Integer 4))
                            ())]
                            (Logical 4)
                            ColMajor
                            ()
                        )
                        (LogicalConstant
                            .true.
                            (Logical 4)
                        )
                        ()
                    )
                    (Print
                        [(LogicalBinOp
                            (Var 2 x1)
                            NEqv
                            (ArrayBroadcast
                                (ArrayConstant
                                    8
                                    [.true., .true.]
                                    (Array
                                        (Logical 4)
                                        [((IntegerConstant 1 (Integer 4))
                                        (IntegerConstant 2 (Integer 4)))]
                                        FixedSizeArray
                                    )
                                    ColMajor
                                )
                                (ArrayConstant
                                    8
                                    [2, 2]
                                    (Array
                                        (Integer 4)
                                        [((IntegerConstant 1 (Integer 4))
                                        (IntegerConstant 2 (Integer 4)))]
                                        FixedSizeArray
                                    )
                                    ColMajor
                                )
                                (Array
                                    (Logical 4)
                                    [((IntegerConstant 1 (Integer 4))
                                    (IntegerConstant 4 (Integer 4)))]
                                    FixedSizeArray
                                )
                                (ArrayConstant
                                    32
                                    [.true., .true., .true., ...., .true., .true., .true.]
                                    (Array
                                        (Logical 4)
                                        [((IntegerConstant 1 (Integer 4))
                                        (IntegerConstant 8 (Integer 4)))]
                                        FixedSizeArray
                                    )
                                    ColMajor
                                )
                            )
                            (Array
                                (Logical 4)
                                [((IntegerConstant 1 (Integer 4))
                                (IntegerConstant 2 (Integer 4)))
                                ((IntegerConstant 1 (Integer 4))
                                (IntegerConstant 2 (Integer 4)))]
                                FixedSizeArray
                            )
                            ()
                        )]
                        ()
                        ()
                    )]
                )
        })
    []
)
