(TranslationUnit
    (SymbolTable
        1
        {
            hybrd:
                (Function
                    (SymbolTable
                        2
                        {
                            delta:
                                (Variable
                                    2
                                    delta
                                    []
                                    Local
                                    ()
                                    ()
                                    Default
                                    (Real 4 [])
                                    Source
                                    Public
                                    Required
                                    .false.
                                ),
                            fcn:
                                (Function
                                    (SymbolTable
                                        3
                                        {
                                            n:
                                                (Variable
                                                    3
                                                    n
                                                    []
                                                    In
                                                    ()
                                                    ()
                                                    Default
                                                    (Integer 4 [])
                                                    Source
                                                    Public
                                                    Required
                                                    .false.
                                                )
                                        })
                                    fcn
                                    (FunctionType
                                        [(Integer 4 [])]
                                        ()
                                        Source
                                        Interface
                                        ()
                                        .false.
                                        .false.
                                        .false.
                                        .false.
                                        .false.
                                        []
                                        []
                                        .false.
                                    )
                                    []
                                    [(Var 3 n)]
                                    []
                                    ()
                                    Public
                                    .false.
                                    .false.
                                ),
                            ratio:
                                (Variable
                                    2
                                    ratio
                                    []
                                    Local
                                    ()
                                    ()
                                    Default
                                    (Real 4 [])
                                    Source
                                    Public
                                    Required
                                    .false.
                                )
                        })
                    hybrd
                    (FunctionType
                        []
                        ()
                        Source
                        Implementation
                        ()
                        .false.
                        .false.
                        .false.
                        .false.
                        .false.
                        []
                        []
                        .false.
                    )
                    [abs@sabs]
                    []
                    [(BlockCall
                        -1
                        2 main
                    )]
                    ()
                    Public
                    .false.
                    .false.
                ),
            iso_c_binding:
                (IntrinsicModule lfortran_intrinsic_iso_c_binding),
            iso_fortran_env:
                (IntrinsicModule lfortran_intrinsic_iso_fortran_env),
            lfortran_intrinsic_builtin:
                (IntrinsicModule lfortran_intrinsic_builtin),
            lfortran_intrinsic_math:
                (IntrinsicModule lfortran_intrinsic_math)
        })
    []
)
