(TranslationUnit
    [(Program
        pragma2
        (TriviaNode
            [(EndOfLine)
            (Comment
                "!LF$ attributes simd :: A"
            )]
            []
        )
        []
        []
        [(Declaration
            (AttrType
                TypeReal
                []
                ()
                ()
                None
            )
            []
            [(A
            [(1
            8
            DimensionExpr)]
            []
            ()
            None
            ())]
            ()
        )]
        [(=
            0
            A
            1
            ()
        )]
        []
    )]
)
