(TranslationUnit
    [(Program
        test_loops
        ()
        []
        []
        [(Declaration
            (AttrType
                TypeInteger
                []
                ()
                None
            )
            []
            [(i
            []
            []
            ()
            None
            ())
            (j
            []
            []
            ()
            None
            ())
            (k
            []
            []
            ()
            None
            ())
            (l
            []
            []
            ()
            None
            ())]
            ()
        )]
        [(DoLoop
            0
            l1
            0
            i
            1
            5
            ()
            [(DoLoop
                0
                l2
                0
                j
                1
                4
                ()
                [(If
                    0
                    ()
                    (> j 2)
                    [(Exit
                        0
                        l1
                        ()
                    )]
                    []
                    ()
                    ()
                    ()
                )
                (Print
                    0
                    ()
                    [(String
                        "l1"
                    )
                    i
                    (String
                        "l2"
                    )
                    j]
                    ()
                )
                (If
                    0
                    ()
                    (> j 2)
                    [(Print
                        0
                        ()
                        [(String
                            "error l2 1"
                        )]
                        ()
                    )]
                    []
                    ()
                    ()
                    ()
                )]
                ()
                ()
            )
            (If
                0
                ()
                (> j 2)
                [(Print
                    0
                    ()
                    [(String
                        "error l2 2"
                    )]
                    ()
                )]
                []
                ()
                ()
                ()
            )]
            ()
            (TriviaNode
                []
                [(EndOfLine)
                (EndOfLine)]
            )
        )
        (=
            0
            k
            0
            ()
        )
        (WhileLoop
            0
            l3
            (Logical .true.)
            [(DoLoop
                0
                l4
                0
                l
                1
                2
                ()
                [(If
                    0
                    ()
                    (> k 3)
                    [(Exit
                        0
                        l3
                        ()
                    )]
                    []
                    ()
                    ()
                    ()
                )
                (Print
                    0
                    ()
                    [(String
                        "l3"
                    )
                    k
                    (String
                        "l4"
                    )
                    l]
                    ()
                )
                (If
                    0
                    ()
                    (> k 3)
                    [(Print
                        0
                        ()
                        [(String
                            "error l3 1"
                        )]
                        ()
                    )]
                    []
                    ()
                    ()
                    ()
                )]
                ()
                ()
            )
            (If
                0
                ()
                (> k 3)
                [(Print
                    0
                    ()
                    [(String
                        "error l3 2"
                    )]
                    ()
                )]
                []
                ()
                ()
                ()
            )
            (=
                0
                k
                (+ k 1)
                ()
            )]
            ()
            ()
        )
        (If
            0
            ()
            (BoolOp
                (BoolOp
                    (BoolOp
                        (== i 1)
                        And
                        (== j 3)
                    )
                    And
                    (== k 4)
                )
                And
                (== l 1)
            )
            [(Print
                0
                ()
                [(String
                    "pass"
                )]
                ()
            )]
            [(Print
                0
                ()
                [(String
                    "error"
                )
                i
                j
                k
                l]
                ()
            )]
            ()
            ()
            ()
        )]
        []
    )]
)
