(TranslationUnit [(Subroutine start1 [(n) (f) (l) (lout)] [] () () [] [] [] [(Declaration (AttrType TypeReal [] () None) [] [(f [(1 l DimensionExpr)] [] () None ()) (one [] [] 1 Equal ()) (two [] [] 2 Equal ())] ())] [(= 0 lout (+ 1 (/ n 2)) ()) (DoLoop 0 () 1 i 1 lout () [(= 1 (FuncCallOrArray f [] [(() i ())] [] []) two ())] () ()) (If 0 () (== (FuncCallOrArray mod [] [(() n ()) (() 2 ())] [] []) 0) [(= 0 (FuncCallOrArray f [] [(() lout ())] [] []) one ())] [] () () ()) (Return 0 () ())] [])])
