function main()
    local i::Int32
    local numbers::Array{Float32, 1} = [1.500000e+00, 3.200000e+00, 4.500000e+00, 9.000000e-01, 7.200000e+00]
    for i âˆˆ 1:5
        numbers[i] = Float32(i) *   2.00000000000000000e+00
    end
    numbers .= [1.500000e+00, 3.200000e+00, 4.500000e+00, 9.000000e-01, 7.200000e+00]
end

main()
