; ModuleID = 'LFortran'
source_filename = "LFortran"

%size_arg = type { %dimension_descriptor*, i32 }
%dimension_descriptor = type { i32, i32, i32, i32 }
%array = type { i32*, i32, %dimension_descriptor*, i1 }

@0 = private unnamed_addr constant [12 x i8] c"ERROR STOP\0A\00", align 1
@1 = private unnamed_addr constant [12 x i8] c"ERROR STOP\0A\00", align 1
@2 = private unnamed_addr constant [12 x i8] c"ERROR STOP\0A\00", align 1
@3 = private unnamed_addr constant [12 x i8] c"ERROR STOP\0A\00", align 1
@4 = private unnamed_addr constant [12 x i8] c"ERROR STOP\0A\00", align 1
@5 = private unnamed_addr constant [12 x i8] c"ERROR STOP\0A\00", align 1
@6 = private unnamed_addr constant [12 x i8] c"ERROR STOP\0A\00", align 1
@7 = private unnamed_addr constant [12 x i8] c"ERROR STOP\0A\00", align 1
@8 = private unnamed_addr constant [12 x i8] c"ERROR STOP\0A\00", align 1
@9 = private unnamed_addr constant [12 x i8] c"ERROR STOP\0A\00", align 1
@10 = private unnamed_addr constant [12 x i8] c"ERROR STOP\0A\00", align 1
@11 = private unnamed_addr constant [12 x i8] c"ERROR STOP\0A\00", align 1

declare void @__module_lfortran_intrinsic_builtin_move_alloc(i32*, i32*)

define i32 @__module_lfortran_intrinsic_builtin_size(%size_arg* %x, i32* %dim, i32* %kind) {
.entry:
  %size = alloca i32, align 4
  %0 = getelementptr %size_arg, %size_arg* %x, i32 0, i32 0
  %1 = load %dimension_descriptor*, %dimension_descriptor** %0, align 8
  %2 = getelementptr %size_arg, %size_arg* %x, i32 0, i32 1
  %3 = load i32, i32* %2, align 4
  store i32 1, i32* %size, align 4
  %4 = alloca i32, align 4
  store i32 0, i32* %4, align 4
  br label %loop.head

loop.head:                                        ; preds = %loop.body, %.entry
  %5 = load i32, i32* %4, align 4
  %6 = icmp slt i32 %5, %3
  br i1 %6, label %loop.body, label %loop.end

loop.body:                                        ; preds = %loop.head
  %7 = load i32, i32* %4, align 4
  %8 = load i32, i32* %size, align 4
  %9 = getelementptr inbounds %dimension_descriptor, %dimension_descriptor* %1, i32 %7
  %10 = getelementptr %dimension_descriptor, %dimension_descriptor* %9, i32 0, i32 3
  %11 = load i32, i32* %10, align 4
  %12 = mul i32 %8, %11
  store i32 %12, i32* %size, align 4
  %13 = add i32 %7, 1
  store i32 %13, i32* %4, align 4
  br label %loop.head

loop.end:                                         ; preds = %loop.head
  br label %return

return:                                           ; preds = %loop.end
  %14 = load i32, i32* %size, align 4
  ret i32 %14
}

define i32 @main() {
.entry:
  %a = alloca %array, align 8
  %0 = getelementptr %array, %array* %a, i32 0, i32 1
  store i32 0, i32* %0, align 4
  %1 = getelementptr %array, %array* %a, i32 0, i32 2
  %2 = alloca i32, align 4
  store i32 1, i32* %2, align 4
  %3 = load i32, i32* %2, align 4
  %4 = alloca %dimension_descriptor, i32 %3, align 8
  store %dimension_descriptor* %4, %dimension_descriptor** %1, align 8
  %5 = load %dimension_descriptor*, %dimension_descriptor** %1, align 8
  %6 = getelementptr inbounds %dimension_descriptor, %dimension_descriptor* %5, i32 0
  %7 = getelementptr %dimension_descriptor, %dimension_descriptor* %6, i32 0, i32 0
  %8 = getelementptr %dimension_descriptor, %dimension_descriptor* %6, i32 0, i32 1
  %9 = getelementptr %dimension_descriptor, %dimension_descriptor* %6, i32 0, i32 2
  %10 = getelementptr %dimension_descriptor, %dimension_descriptor* %6, i32 0, i32 3
  store i32 1, i32* %7, align 4
  store i32 1, i32* %8, align 4
  store i32 3, i32* %9, align 4
  %11 = load i32, i32* %9, align 4
  %12 = load i32, i32* %8, align 4
  %13 = sub i32 %11, %12
  %14 = add i32 %13, 1
  store i32 %14, i32* %10, align 4
  %15 = alloca i32, align 4
  store i32 3, i32* %15, align 4
  %16 = getelementptr %array, %array* %a, i32 0, i32 0
  %17 = load i32, i32* %15, align 4
  %18 = alloca i32, i32 %17, align 4
  store i32* %18, i32** %16, align 8
  %b = alloca %array, align 8
  %19 = getelementptr %array, %array* %b, i32 0, i32 1
  store i32 0, i32* %19, align 4
  %20 = getelementptr %array, %array* %b, i32 0, i32 2
  %21 = alloca i32, align 4
  store i32 1, i32* %21, align 4
  %22 = load i32, i32* %21, align 4
  %23 = alloca %dimension_descriptor, i32 %22, align 8
  store %dimension_descriptor* %23, %dimension_descriptor** %20, align 8
  %24 = load %dimension_descriptor*, %dimension_descriptor** %20, align 8
  %25 = getelementptr inbounds %dimension_descriptor, %dimension_descriptor* %24, i32 0
  %26 = getelementptr %dimension_descriptor, %dimension_descriptor* %25, i32 0, i32 0
  %27 = getelementptr %dimension_descriptor, %dimension_descriptor* %25, i32 0, i32 1
  %28 = getelementptr %dimension_descriptor, %dimension_descriptor* %25, i32 0, i32 2
  %29 = getelementptr %dimension_descriptor, %dimension_descriptor* %25, i32 0, i32 3
  store i32 1, i32* %26, align 4
  store i32 1, i32* %27, align 4
  store i32 4, i32* %28, align 4
  %30 = load i32, i32* %28, align 4
  %31 = load i32, i32* %27, align 4
  %32 = sub i32 %30, %31
  %33 = add i32 %32, 1
  store i32 %33, i32* %29, align 4
  %34 = alloca i32, align 4
  store i32 4, i32* %34, align 4
  %35 = getelementptr %array, %array* %b, i32 0, i32 0
  %36 = load i32, i32* %34, align 4
  %37 = alloca i32, i32 %36, align 4
  store i32* %37, i32** %35, align 8
  %i = alloca i32, align 4
  %size_a = alloca i32, align 4
  %size_b = alloca i32, align 4
  %38 = alloca %size_arg, align 8
  %39 = getelementptr %array, %array* %a, i32 0, i32 2
  %40 = load %dimension_descriptor*, %dimension_descriptor** %39, align 8
  %41 = getelementptr %size_arg, %size_arg* %38, i32 0, i32 0
  store %dimension_descriptor* %40, %dimension_descriptor** %41, align 8
  %42 = getelementptr %size_arg, %size_arg* %38, i32 0, i32 1
  store i32 45006880, i32* %42, align 4
  %43 = alloca i32, align 4
  %44 = alloca i32, align 4
  %45 = call i32 @__module_lfortran_intrinsic_builtin_size(%size_arg* %38, i32* %43, i32* %44)
  store i32 %45, i32* %size_a, align 4
  %46 = alloca %size_arg, align 8
  %47 = getelementptr %array, %array* %b, i32 0, i32 2
  %48 = load %dimension_descriptor*, %dimension_descriptor** %47, align 8
  %49 = getelementptr %size_arg, %size_arg* %46, i32 0, i32 0
  store %dimension_descriptor* %48, %dimension_descriptor** %49, align 8
  %50 = getelementptr %size_arg, %size_arg* %46, i32 0, i32 1
  store i32 45006880, i32* %50, align 4
  %51 = alloca i32, align 4
  %52 = alloca i32, align 4
  %53 = call i32 @__module_lfortran_intrinsic_builtin_size(%size_arg* %46, i32* %51, i32* %52)
  store i32 %53, i32* %size_b, align 4
  store i32 0, i32* %i, align 4
  br label %loop.head

loop.head:                                        ; preds = %loop.body, %.entry
  %54 = load i32, i32* %i, align 4
  %55 = add i32 %54, 1
  %56 = load i32, i32* %size_a, align 4
  %57 = icmp sle i32 %55, %56
  br i1 %57, label %loop.body, label %loop.end

loop.body:                                        ; preds = %loop.head
  %58 = load i32, i32* %i, align 4
  %59 = add i32 %58, 1
  store i32 %59, i32* %i, align 4
  %60 = load i32, i32* %i, align 4
  %61 = getelementptr %array, %array* %a, i32 0, i32 2
  %62 = load %dimension_descriptor*, %dimension_descriptor** %61, align 8
  %63 = getelementptr inbounds %dimension_descriptor, %dimension_descriptor* %62, i32 0
  %64 = getelementptr %dimension_descriptor, %dimension_descriptor* %63, i32 0, i32 1
  %65 = load i32, i32* %64, align 4
  %66 = sub i32 %60, %65
  %67 = mul i32 1, %66
  %68 = add i32 0, %67
  %69 = getelementptr %dimension_descriptor, %dimension_descriptor* %63, i32 0, i32 3
  %70 = load i32, i32* %69, align 4
  %71 = mul i32 1, %70
  %72 = getelementptr %array, %array* %a, i32 0, i32 0
  %73 = load i32*, i32** %72, align 8
  %74 = getelementptr inbounds i32, i32* %73, i32 %68
  %75 = load i32, i32* %i, align 4
  %76 = add i32 %75, 10
  store i32 %76, i32* %74, align 4
  br label %loop.head

loop.end:                                         ; preds = %loop.head
  %77 = getelementptr %array, %array* %a, i32 0, i32 2
  %78 = load %dimension_descriptor*, %dimension_descriptor** %77, align 8
  %79 = getelementptr inbounds %dimension_descriptor, %dimension_descriptor* %78, i32 0
  %80 = getelementptr %dimension_descriptor, %dimension_descriptor* %79, i32 0, i32 1
  %81 = load i32, i32* %80, align 4
  %82 = sub i32 1, %81
  %83 = mul i32 1, %82
  %84 = add i32 0, %83
  %85 = getelementptr %dimension_descriptor, %dimension_descriptor* %79, i32 0, i32 3
  %86 = load i32, i32* %85, align 4
  %87 = mul i32 1, %86
  %88 = getelementptr %array, %array* %a, i32 0, i32 0
  %89 = load i32*, i32** %88, align 8
  %90 = getelementptr inbounds i32, i32* %89, i32 %84
  %91 = load i32, i32* %90, align 4
  %92 = icmp ne i32 %91, 11
  br i1 %92, label %then, label %else

then:                                             ; preds = %loop.end
  call void (i8*, ...) @_lfortran_printf(i8* getelementptr inbounds ([12 x i8], [12 x i8]* @0, i32 0, i32 0))
  call void @exit(i32 1)
  br label %ifcont

else:                                             ; preds = %loop.end
  br label %ifcont

ifcont:                                           ; preds = %else, %then
  %93 = getelementptr %array, %array* %a, i32 0, i32 2
  %94 = load %dimension_descriptor*, %dimension_descriptor** %93, align 8
  %95 = getelementptr inbounds %dimension_descriptor, %dimension_descriptor* %94, i32 0
  %96 = getelementptr %dimension_descriptor, %dimension_descriptor* %95, i32 0, i32 1
  %97 = load i32, i32* %96, align 4
  %98 = sub i32 2, %97
  %99 = mul i32 1, %98
  %100 = add i32 0, %99
  %101 = getelementptr %dimension_descriptor, %dimension_descriptor* %95, i32 0, i32 3
  %102 = load i32, i32* %101, align 4
  %103 = mul i32 1, %102
  %104 = getelementptr %array, %array* %a, i32 0, i32 0
  %105 = load i32*, i32** %104, align 8
  %106 = getelementptr inbounds i32, i32* %105, i32 %100
  %107 = load i32, i32* %106, align 4
  %108 = icmp ne i32 %107, 12
  br i1 %108, label %then1, label %else2

then1:                                            ; preds = %ifcont
  call void (i8*, ...) @_lfortran_printf(i8* getelementptr inbounds ([12 x i8], [12 x i8]* @1, i32 0, i32 0))
  call void @exit(i32 1)
  br label %ifcont3

else2:                                            ; preds = %ifcont
  br label %ifcont3

ifcont3:                                          ; preds = %else2, %then1
  %109 = getelementptr %array, %array* %a, i32 0, i32 2
  %110 = load %dimension_descriptor*, %dimension_descriptor** %109, align 8
  %111 = getelementptr inbounds %dimension_descriptor, %dimension_descriptor* %110, i32 0
  %112 = getelementptr %dimension_descriptor, %dimension_descriptor* %111, i32 0, i32 1
  %113 = load i32, i32* %112, align 4
  %114 = sub i32 3, %113
  %115 = mul i32 1, %114
  %116 = add i32 0, %115
  %117 = getelementptr %dimension_descriptor, %dimension_descriptor* %111, i32 0, i32 3
  %118 = load i32, i32* %117, align 4
  %119 = mul i32 1, %118
  %120 = getelementptr %array, %array* %a, i32 0, i32 0
  %121 = load i32*, i32** %120, align 8
  %122 = getelementptr inbounds i32, i32* %121, i32 %116
  %123 = load i32, i32* %122, align 4
  %124 = icmp ne i32 %123, 13
  br i1 %124, label %then4, label %else5

then4:                                            ; preds = %ifcont3
  call void (i8*, ...) @_lfortran_printf(i8* getelementptr inbounds ([12 x i8], [12 x i8]* @2, i32 0, i32 0))
  call void @exit(i32 1)
  br label %ifcont6

else5:                                            ; preds = %ifcont3
  br label %ifcont6

ifcont6:                                          ; preds = %else5, %then4
  store i32 10, i32* %i, align 4
  br label %loop.head7

loop.head7:                                       ; preds = %loop.body8, %ifcont6
  %125 = load i32, i32* %i, align 4
  %126 = add i32 %125, 1
  %127 = load i32, i32* %size_b, align 4
  %128 = add i32 10, %127
  %129 = icmp sle i32 %126, %128
  br i1 %129, label %loop.body8, label %loop.end9

loop.body8:                                       ; preds = %loop.head7
  %130 = load i32, i32* %i, align 4
  %131 = add i32 %130, 1
  store i32 %131, i32* %i, align 4
  %132 = load i32, i32* %i, align 4
  %133 = sub i32 %132, 10
  %134 = getelementptr %array, %array* %b, i32 0, i32 2
  %135 = load %dimension_descriptor*, %dimension_descriptor** %134, align 8
  %136 = getelementptr inbounds %dimension_descriptor, %dimension_descriptor* %135, i32 0
  %137 = getelementptr %dimension_descriptor, %dimension_descriptor* %136, i32 0, i32 1
  %138 = load i32, i32* %137, align 4
  %139 = sub i32 %133, %138
  %140 = mul i32 1, %139
  %141 = add i32 0, %140
  %142 = getelementptr %dimension_descriptor, %dimension_descriptor* %136, i32 0, i32 3
  %143 = load i32, i32* %142, align 4
  %144 = mul i32 1, %143
  %145 = getelementptr %array, %array* %b, i32 0, i32 0
  %146 = load i32*, i32** %145, align 8
  %147 = getelementptr inbounds i32, i32* %146, i32 %141
  %148 = load i32, i32* %i, align 4
  store i32 %148, i32* %147, align 4
  br label %loop.head7

loop.end9:                                        ; preds = %loop.head7
  %149 = getelementptr %array, %array* %b, i32 0, i32 2
  %150 = load %dimension_descriptor*, %dimension_descriptor** %149, align 8
  %151 = getelementptr inbounds %dimension_descriptor, %dimension_descriptor* %150, i32 0
  %152 = getelementptr %dimension_descriptor, %dimension_descriptor* %151, i32 0, i32 1
  %153 = load i32, i32* %152, align 4
  %154 = sub i32 1, %153
  %155 = mul i32 1, %154
  %156 = add i32 0, %155
  %157 = getelementptr %dimension_descriptor, %dimension_descriptor* %151, i32 0, i32 3
  %158 = load i32, i32* %157, align 4
  %159 = mul i32 1, %158
  %160 = getelementptr %array, %array* %b, i32 0, i32 0
  %161 = load i32*, i32** %160, align 8
  %162 = getelementptr inbounds i32, i32* %161, i32 %156
  %163 = load i32, i32* %162, align 4
  %164 = icmp ne i32 %163, 11
  br i1 %164, label %then10, label %else11

then10:                                           ; preds = %loop.end9
  call void (i8*, ...) @_lfortran_printf(i8* getelementptr inbounds ([12 x i8], [12 x i8]* @3, i32 0, i32 0))
  call void @exit(i32 1)
  br label %ifcont12

else11:                                           ; preds = %loop.end9
  br label %ifcont12

ifcont12:                                         ; preds = %else11, %then10
  %165 = getelementptr %array, %array* %b, i32 0, i32 2
  %166 = load %dimension_descriptor*, %dimension_descriptor** %165, align 8
  %167 = getelementptr inbounds %dimension_descriptor, %dimension_descriptor* %166, i32 0
  %168 = getelementptr %dimension_descriptor, %dimension_descriptor* %167, i32 0, i32 1
  %169 = load i32, i32* %168, align 4
  %170 = sub i32 2, %169
  %171 = mul i32 1, %170
  %172 = add i32 0, %171
  %173 = getelementptr %dimension_descriptor, %dimension_descriptor* %167, i32 0, i32 3
  %174 = load i32, i32* %173, align 4
  %175 = mul i32 1, %174
  %176 = getelementptr %array, %array* %b, i32 0, i32 0
  %177 = load i32*, i32** %176, align 8
  %178 = getelementptr inbounds i32, i32* %177, i32 %172
  %179 = load i32, i32* %178, align 4
  %180 = icmp ne i32 %179, 12
  br i1 %180, label %then13, label %else14

then13:                                           ; preds = %ifcont12
  call void (i8*, ...) @_lfortran_printf(i8* getelementptr inbounds ([12 x i8], [12 x i8]* @4, i32 0, i32 0))
  call void @exit(i32 1)
  br label %ifcont15

else14:                                           ; preds = %ifcont12
  br label %ifcont15

ifcont15:                                         ; preds = %else14, %then13
  %181 = getelementptr %array, %array* %b, i32 0, i32 2
  %182 = load %dimension_descriptor*, %dimension_descriptor** %181, align 8
  %183 = getelementptr inbounds %dimension_descriptor, %dimension_descriptor* %182, i32 0
  %184 = getelementptr %dimension_descriptor, %dimension_descriptor* %183, i32 0, i32 1
  %185 = load i32, i32* %184, align 4
  %186 = sub i32 3, %185
  %187 = mul i32 1, %186
  %188 = add i32 0, %187
  %189 = getelementptr %dimension_descriptor, %dimension_descriptor* %183, i32 0, i32 3
  %190 = load i32, i32* %189, align 4
  %191 = mul i32 1, %190
  %192 = getelementptr %array, %array* %b, i32 0, i32 0
  %193 = load i32*, i32** %192, align 8
  %194 = getelementptr inbounds i32, i32* %193, i32 %188
  %195 = load i32, i32* %194, align 4
  %196 = icmp ne i32 %195, 13
  br i1 %196, label %then16, label %else17

then16:                                           ; preds = %ifcont15
  call void (i8*, ...) @_lfortran_printf(i8* getelementptr inbounds ([12 x i8], [12 x i8]* @5, i32 0, i32 0))
  call void @exit(i32 1)
  br label %ifcont18

else17:                                           ; preds = %ifcont15
  br label %ifcont18

ifcont18:                                         ; preds = %else17, %then16
  %197 = getelementptr %array, %array* %b, i32 0, i32 2
  %198 = load %dimension_descriptor*, %dimension_descriptor** %197, align 8
  %199 = getelementptr inbounds %dimension_descriptor, %dimension_descriptor* %198, i32 0
  %200 = getelementptr %dimension_descriptor, %dimension_descriptor* %199, i32 0, i32 1
  %201 = load i32, i32* %200, align 4
  %202 = sub i32 4, %201
  %203 = mul i32 1, %202
  %204 = add i32 0, %203
  %205 = getelementptr %dimension_descriptor, %dimension_descriptor* %199, i32 0, i32 3
  %206 = load i32, i32* %205, align 4
  %207 = mul i32 1, %206
  %208 = getelementptr %array, %array* %b, i32 0, i32 0
  %209 = load i32*, i32** %208, align 8
  %210 = getelementptr inbounds i32, i32* %209, i32 %204
  %211 = load i32, i32* %210, align 4
  %212 = icmp ne i32 %211, 14
  br i1 %212, label %then19, label %else20

then19:                                           ; preds = %ifcont18
  call void (i8*, ...) @_lfortran_printf(i8* getelementptr inbounds ([12 x i8], [12 x i8]* @6, i32 0, i32 0))
  call void @exit(i32 1)
  br label %ifcont21

else20:                                           ; preds = %ifcont18
  br label %ifcont21

ifcont21:                                         ; preds = %else20, %then19
  store i32 0, i32* %i, align 4
  br label %loop.head22

loop.head22:                                      ; preds = %loop.body23, %ifcont21
  %213 = load i32, i32* %i, align 4
  %214 = add i32 %213, 1
  %215 = load i32, i32* %size_a, align 4
  %216 = icmp sle i32 %214, %215
  br i1 %216, label %loop.body23, label %loop.end24

loop.body23:                                      ; preds = %loop.head22
  %217 = load i32, i32* %i, align 4
  %218 = add i32 %217, 1
  store i32 %218, i32* %i, align 4
  %219 = load i32, i32* %i, align 4
  %220 = getelementptr %array, %array* %b, i32 0, i32 2
  %221 = load %dimension_descriptor*, %dimension_descriptor** %220, align 8
  %222 = getelementptr inbounds %dimension_descriptor, %dimension_descriptor* %221, i32 0
  %223 = getelementptr %dimension_descriptor, %dimension_descriptor* %222, i32 0, i32 1
  %224 = load i32, i32* %223, align 4
  %225 = sub i32 %219, %224
  %226 = mul i32 1, %225
  %227 = add i32 0, %226
  %228 = getelementptr %dimension_descriptor, %dimension_descriptor* %222, i32 0, i32 3
  %229 = load i32, i32* %228, align 4
  %230 = mul i32 1, %229
  %231 = getelementptr %array, %array* %b, i32 0, i32 0
  %232 = load i32*, i32** %231, align 8
  %233 = getelementptr inbounds i32, i32* %232, i32 %227
  %234 = load i32, i32* %i, align 4
  %235 = getelementptr %array, %array* %a, i32 0, i32 2
  %236 = load %dimension_descriptor*, %dimension_descriptor** %235, align 8
  %237 = getelementptr inbounds %dimension_descriptor, %dimension_descriptor* %236, i32 0
  %238 = getelementptr %dimension_descriptor, %dimension_descriptor* %237, i32 0, i32 1
  %239 = load i32, i32* %238, align 4
  %240 = sub i32 %234, %239
  %241 = mul i32 1, %240
  %242 = add i32 0, %241
  %243 = getelementptr %dimension_descriptor, %dimension_descriptor* %237, i32 0, i32 3
  %244 = load i32, i32* %243, align 4
  %245 = mul i32 1, %244
  %246 = getelementptr %array, %array* %a, i32 0, i32 0
  %247 = load i32*, i32** %246, align 8
  %248 = getelementptr inbounds i32, i32* %247, i32 %242
  %249 = load i32, i32* %248, align 4
  %250 = sub i32 %249, 10
  store i32 %250, i32* %233, align 4
  br label %loop.head22

loop.end24:                                       ; preds = %loop.head22
  %251 = getelementptr %array, %array* %b, i32 0, i32 2
  %252 = load %dimension_descriptor*, %dimension_descriptor** %251, align 8
  %253 = getelementptr inbounds %dimension_descriptor, %dimension_descriptor* %252, i32 0
  %254 = getelementptr %dimension_descriptor, %dimension_descriptor* %253, i32 0, i32 1
  %255 = load i32, i32* %254, align 4
  %256 = sub i32 1, %255
  %257 = mul i32 1, %256
  %258 = add i32 0, %257
  %259 = getelementptr %dimension_descriptor, %dimension_descriptor* %253, i32 0, i32 3
  %260 = load i32, i32* %259, align 4
  %261 = mul i32 1, %260
  %262 = getelementptr %array, %array* %b, i32 0, i32 0
  %263 = load i32*, i32** %262, align 8
  %264 = getelementptr inbounds i32, i32* %263, i32 %258
  %265 = load i32, i32* %264, align 4
  %266 = icmp ne i32 %265, 1
  br i1 %266, label %then25, label %else26

then25:                                           ; preds = %loop.end24
  call void (i8*, ...) @_lfortran_printf(i8* getelementptr inbounds ([12 x i8], [12 x i8]* @7, i32 0, i32 0))
  call void @exit(i32 1)
  br label %ifcont27

else26:                                           ; preds = %loop.end24
  br label %ifcont27

ifcont27:                                         ; preds = %else26, %then25
  %267 = getelementptr %array, %array* %b, i32 0, i32 2
  %268 = load %dimension_descriptor*, %dimension_descriptor** %267, align 8
  %269 = getelementptr inbounds %dimension_descriptor, %dimension_descriptor* %268, i32 0
  %270 = getelementptr %dimension_descriptor, %dimension_descriptor* %269, i32 0, i32 1
  %271 = load i32, i32* %270, align 4
  %272 = sub i32 2, %271
  %273 = mul i32 1, %272
  %274 = add i32 0, %273
  %275 = getelementptr %dimension_descriptor, %dimension_descriptor* %269, i32 0, i32 3
  %276 = load i32, i32* %275, align 4
  %277 = mul i32 1, %276
  %278 = getelementptr %array, %array* %b, i32 0, i32 0
  %279 = load i32*, i32** %278, align 8
  %280 = getelementptr inbounds i32, i32* %279, i32 %274
  %281 = load i32, i32* %280, align 4
  %282 = icmp ne i32 %281, 2
  br i1 %282, label %then28, label %else29

then28:                                           ; preds = %ifcont27
  call void (i8*, ...) @_lfortran_printf(i8* getelementptr inbounds ([12 x i8], [12 x i8]* @8, i32 0, i32 0))
  call void @exit(i32 1)
  br label %ifcont30

else29:                                           ; preds = %ifcont27
  br label %ifcont30

ifcont30:                                         ; preds = %else29, %then28
  %283 = getelementptr %array, %array* %b, i32 0, i32 2
  %284 = load %dimension_descriptor*, %dimension_descriptor** %283, align 8
  %285 = getelementptr inbounds %dimension_descriptor, %dimension_descriptor* %284, i32 0
  %286 = getelementptr %dimension_descriptor, %dimension_descriptor* %285, i32 0, i32 1
  %287 = load i32, i32* %286, align 4
  %288 = sub i32 3, %287
  %289 = mul i32 1, %288
  %290 = add i32 0, %289
  %291 = getelementptr %dimension_descriptor, %dimension_descriptor* %285, i32 0, i32 3
  %292 = load i32, i32* %291, align 4
  %293 = mul i32 1, %292
  %294 = getelementptr %array, %array* %b, i32 0, i32 0
  %295 = load i32*, i32** %294, align 8
  %296 = getelementptr inbounds i32, i32* %295, i32 %290
  %297 = load i32, i32* %296, align 4
  %298 = icmp ne i32 %297, 3
  br i1 %298, label %then31, label %else32

then31:                                           ; preds = %ifcont30
  call void (i8*, ...) @_lfortran_printf(i8* getelementptr inbounds ([12 x i8], [12 x i8]* @9, i32 0, i32 0))
  call void @exit(i32 1)
  br label %ifcont33

else32:                                           ; preds = %ifcont30
  br label %ifcont33

ifcont33:                                         ; preds = %else32, %then31
  %299 = getelementptr %array, %array* %b, i32 0, i32 2
  %300 = load %dimension_descriptor*, %dimension_descriptor** %299, align 8
  %301 = getelementptr inbounds %dimension_descriptor, %dimension_descriptor* %300, i32 0
  %302 = getelementptr %dimension_descriptor, %dimension_descriptor* %301, i32 0, i32 1
  %303 = load i32, i32* %302, align 4
  %304 = sub i32 4, %303
  %305 = mul i32 1, %304
  %306 = add i32 0, %305
  %307 = getelementptr %dimension_descriptor, %dimension_descriptor* %301, i32 0, i32 3
  %308 = load i32, i32* %307, align 4
  %309 = mul i32 1, %308
  %310 = getelementptr %array, %array* %b, i32 0, i32 0
  %311 = load i32*, i32** %310, align 8
  %312 = getelementptr inbounds i32, i32* %311, i32 %306
  %313 = getelementptr %array, %array* %b, i32 0, i32 2
  %314 = load %dimension_descriptor*, %dimension_descriptor** %313, align 8
  %315 = getelementptr inbounds %dimension_descriptor, %dimension_descriptor* %314, i32 0
  %316 = getelementptr %dimension_descriptor, %dimension_descriptor* %315, i32 0, i32 1
  %317 = load i32, i32* %316, align 4
  %318 = sub i32 1, %317
  %319 = mul i32 1, %318
  %320 = add i32 0, %319
  %321 = getelementptr %dimension_descriptor, %dimension_descriptor* %315, i32 0, i32 3
  %322 = load i32, i32* %321, align 4
  %323 = mul i32 1, %322
  %324 = getelementptr %array, %array* %b, i32 0, i32 0
  %325 = load i32*, i32** %324, align 8
  %326 = getelementptr inbounds i32, i32* %325, i32 %320
  %327 = load i32, i32* %326, align 4
  %328 = getelementptr %array, %array* %b, i32 0, i32 2
  %329 = load %dimension_descriptor*, %dimension_descriptor** %328, align 8
  %330 = getelementptr inbounds %dimension_descriptor, %dimension_descriptor* %329, i32 0
  %331 = getelementptr %dimension_descriptor, %dimension_descriptor* %330, i32 0, i32 1
  %332 = load i32, i32* %331, align 4
  %333 = sub i32 2, %332
  %334 = mul i32 1, %333
  %335 = add i32 0, %334
  %336 = getelementptr %dimension_descriptor, %dimension_descriptor* %330, i32 0, i32 3
  %337 = load i32, i32* %336, align 4
  %338 = mul i32 1, %337
  %339 = getelementptr %array, %array* %b, i32 0, i32 0
  %340 = load i32*, i32** %339, align 8
  %341 = getelementptr inbounds i32, i32* %340, i32 %335
  %342 = load i32, i32* %341, align 4
  %343 = add i32 %327, %342
  %344 = getelementptr %array, %array* %b, i32 0, i32 2
  %345 = load %dimension_descriptor*, %dimension_descriptor** %344, align 8
  %346 = getelementptr inbounds %dimension_descriptor, %dimension_descriptor* %345, i32 0
  %347 = getelementptr %dimension_descriptor, %dimension_descriptor* %346, i32 0, i32 1
  %348 = load i32, i32* %347, align 4
  %349 = sub i32 3, %348
  %350 = mul i32 1, %349
  %351 = add i32 0, %350
  %352 = getelementptr %dimension_descriptor, %dimension_descriptor* %346, i32 0, i32 3
  %353 = load i32, i32* %352, align 4
  %354 = mul i32 1, %353
  %355 = getelementptr %array, %array* %b, i32 0, i32 0
  %356 = load i32*, i32** %355, align 8
  %357 = getelementptr inbounds i32, i32* %356, i32 %351
  %358 = load i32, i32* %357, align 4
  %359 = add i32 %343, %358
  %360 = getelementptr %array, %array* %a, i32 0, i32 2
  %361 = load %dimension_descriptor*, %dimension_descriptor** %360, align 8
  %362 = getelementptr inbounds %dimension_descriptor, %dimension_descriptor* %361, i32 0
  %363 = getelementptr %dimension_descriptor, %dimension_descriptor* %362, i32 0, i32 1
  %364 = load i32, i32* %363, align 4
  %365 = sub i32 1, %364
  %366 = mul i32 1, %365
  %367 = add i32 0, %366
  %368 = getelementptr %dimension_descriptor, %dimension_descriptor* %362, i32 0, i32 3
  %369 = load i32, i32* %368, align 4
  %370 = mul i32 1, %369
  %371 = getelementptr %array, %array* %a, i32 0, i32 0
  %372 = load i32*, i32** %371, align 8
  %373 = getelementptr inbounds i32, i32* %372, i32 %367
  %374 = load i32, i32* %373, align 4
  %375 = add i32 %359, %374
  store i32 %375, i32* %312, align 4
  %376 = getelementptr %array, %array* %b, i32 0, i32 2
  %377 = load %dimension_descriptor*, %dimension_descriptor** %376, align 8
  %378 = getelementptr inbounds %dimension_descriptor, %dimension_descriptor* %377, i32 0
  %379 = getelementptr %dimension_descriptor, %dimension_descriptor* %378, i32 0, i32 1
  %380 = load i32, i32* %379, align 4
  %381 = sub i32 4, %380
  %382 = mul i32 1, %381
  %383 = add i32 0, %382
  %384 = getelementptr %dimension_descriptor, %dimension_descriptor* %378, i32 0, i32 3
  %385 = load i32, i32* %384, align 4
  %386 = mul i32 1, %385
  %387 = getelementptr %array, %array* %b, i32 0, i32 0
  %388 = load i32*, i32** %387, align 8
  %389 = getelementptr inbounds i32, i32* %388, i32 %383
  %390 = load i32, i32* %389, align 4
  %391 = icmp ne i32 %390, 17
  br i1 %391, label %then34, label %else35

then34:                                           ; preds = %ifcont33
  call void (i8*, ...) @_lfortran_printf(i8* getelementptr inbounds ([12 x i8], [12 x i8]* @10, i32 0, i32 0))
  call void @exit(i32 1)
  br label %ifcont36

else35:                                           ; preds = %ifcont33
  br label %ifcont36

ifcont36:                                         ; preds = %else35, %then34
  %392 = getelementptr %array, %array* %b, i32 0, i32 2
  %393 = load %dimension_descriptor*, %dimension_descriptor** %392, align 8
  %394 = getelementptr inbounds %dimension_descriptor, %dimension_descriptor* %393, i32 0
  %395 = getelementptr %dimension_descriptor, %dimension_descriptor* %394, i32 0, i32 1
  %396 = load i32, i32* %395, align 4
  %397 = sub i32 4, %396
  %398 = mul i32 1, %397
  %399 = add i32 0, %398
  %400 = getelementptr %dimension_descriptor, %dimension_descriptor* %394, i32 0, i32 3
  %401 = load i32, i32* %400, align 4
  %402 = mul i32 1, %401
  %403 = getelementptr %array, %array* %b, i32 0, i32 0
  %404 = load i32*, i32** %403, align 8
  %405 = getelementptr inbounds i32, i32* %404, i32 %399
  %406 = getelementptr %array, %array* %a, i32 0, i32 2
  %407 = load %dimension_descriptor*, %dimension_descriptor** %406, align 8
  %408 = getelementptr inbounds %dimension_descriptor, %dimension_descriptor* %407, i32 0
  %409 = getelementptr %dimension_descriptor, %dimension_descriptor* %408, i32 0, i32 1
  %410 = load i32, i32* %409, align 4
  %411 = sub i32 1, %410
  %412 = mul i32 1, %411
  %413 = add i32 0, %412
  %414 = getelementptr %dimension_descriptor, %dimension_descriptor* %408, i32 0, i32 3
  %415 = load i32, i32* %414, align 4
  %416 = mul i32 1, %415
  %417 = getelementptr %array, %array* %a, i32 0, i32 0
  %418 = load i32*, i32** %417, align 8
  %419 = getelementptr inbounds i32, i32* %418, i32 %413
  %420 = load i32, i32* %419, align 4
  store i32 %420, i32* %405, align 4
  %421 = getelementptr %array, %array* %b, i32 0, i32 2
  %422 = load %dimension_descriptor*, %dimension_descriptor** %421, align 8
  %423 = getelementptr inbounds %dimension_descriptor, %dimension_descriptor* %422, i32 0
  %424 = getelementptr %dimension_descriptor, %dimension_descriptor* %423, i32 0, i32 1
  %425 = load i32, i32* %424, align 4
  %426 = sub i32 4, %425
  %427 = mul i32 1, %426
  %428 = add i32 0, %427
  %429 = getelementptr %dimension_descriptor, %dimension_descriptor* %423, i32 0, i32 3
  %430 = load i32, i32* %429, align 4
  %431 = mul i32 1, %430
  %432 = getelementptr %array, %array* %b, i32 0, i32 0
  %433 = load i32*, i32** %432, align 8
  %434 = getelementptr inbounds i32, i32* %433, i32 %428
  %435 = load i32, i32* %434, align 4
  %436 = icmp ne i32 %435, 11
  br i1 %436, label %then37, label %else38

then37:                                           ; preds = %ifcont36
  call void (i8*, ...) @_lfortran_printf(i8* getelementptr inbounds ([12 x i8], [12 x i8]* @11, i32 0, i32 0))
  call void @exit(i32 1)
  br label %ifcont39

else38:                                           ; preds = %ifcont36
  br label %ifcont39

ifcont39:                                         ; preds = %else38, %then37
  ret i32 0
}

declare void @_lfortran_printf(i8*, ...)

declare void @exit(i32)
