; ModuleID = 'LFortran'
source_filename = "LFortran"

declare i32 @__module_lfortran_intrinsic_iso_c_binding_c_loc(i32*)

define i32 @main(i32 %0, i8** %1) {
.entry:
  call void @_lpython_set_argv(i32 %0, i8** %1)
  %p = alloca void*, align 8
  %x = alloca i32*, align 8
  store i32* null, i32** %x, align 8
  %2 = load i32*, i32** %x, align 8
  %3 = bitcast i32* %2 to void*
  store void* %3, void** %p, align 8
  ret i32 0
}

declare void @_lpython_set_argv(i32, i8**)
