; ModuleID = 'LFortran'
source_filename = "LFortran"

%array = type { float*, i32, %dimension_descriptor*, i1 }
%dimension_descriptor = type { i32, i32, i32, i32 }
%array.0 = type { i32*, i32, %dimension_descriptor*, i1 }
%array.1 = type { i1*, i32, %dimension_descriptor*, i1 }
%array.2 = type { float*, i32, %dimension_descriptor*, i1 }
%array.3 = type { i32*, i32, %dimension_descriptor*, i1 }
%array.4 = type { i1*, i32, %dimension_descriptor*, i1 }
%array.5 = type { float*, i32, %dimension_descriptor*, i1 }
%array.6 = type { i32*, i32, %dimension_descriptor*, i1 }
%array.7 = type { i1*, i32, %dimension_descriptor*, i1 }
%array.8 = type { %der_type*, i32, %dimension_descriptor*, i1 }
%der_type = type { i32, float }
%array.9 = type { %der_type*, i32, %dimension_descriptor*, i1 }
%array.10 = type { %der_type*, i32, %dimension_descriptor*, i1 }
%array.11 = type { %complex_4*, i32, %dimension_descriptor*, i1 }
%complex_4 = type { float, float }
%array.12 = type { %complex_4*, i32, %dimension_descriptor*, i1 }
%array.13 = type { %complex_4*, i32, %dimension_descriptor*, i1 }

define i32 @main() {
.entry:
  %a = alloca %array, align 8
  %0 = getelementptr %array, %array* %a, i32 0, i32 1
  store i32 0, i32* %0, align 4
  %1 = getelementptr %array, %array* %a, i32 0, i32 2
  %2 = alloca i32, align 4
  store i32 1, i32* %2, align 4
  %3 = load i32, i32* %2, align 4
  %4 = alloca %dimension_descriptor, i32 %3, align 8
  store %dimension_descriptor* %4, %dimension_descriptor** %1, align 8
  %5 = load %dimension_descriptor*, %dimension_descriptor** %1, align 8
  %6 = getelementptr inbounds %dimension_descriptor, %dimension_descriptor* %5, i32 0
  %7 = getelementptr %dimension_descriptor, %dimension_descriptor* %6, i32 0, i32 0
  %8 = getelementptr %dimension_descriptor, %dimension_descriptor* %6, i32 0, i32 1
  %9 = getelementptr %dimension_descriptor, %dimension_descriptor* %6, i32 0, i32 2
  %10 = getelementptr %dimension_descriptor, %dimension_descriptor* %6, i32 0, i32 3
  store i32 1, i32* %7, align 4
  store i32 1, i32* %8, align 4
  store i32 5, i32* %9, align 4
  %11 = load i32, i32* %9, align 4
  %12 = load i32, i32* %8, align 4
  %13 = sub i32 %11, %12
  %14 = add i32 %13, 1
  store i32 %14, i32* %10, align 4
  %15 = alloca i32, align 4
  store i32 5, i32* %15, align 4
  %16 = getelementptr %array, %array* %a, i32 0, i32 0
  %17 = load i32, i32* %15, align 4
  %18 = alloca float, i32 %17, align 4
  store float* %18, float** %16, align 8
  %b = alloca %array, align 8
  %19 = getelementptr %array, %array* %b, i32 0, i32 1
  store i32 0, i32* %19, align 4
  %20 = getelementptr %array, %array* %b, i32 0, i32 2
  %21 = alloca i32, align 4
  store i32 1, i32* %21, align 4
  %22 = load i32, i32* %21, align 4
  %23 = alloca %dimension_descriptor, i32 %22, align 8
  store %dimension_descriptor* %23, %dimension_descriptor** %20, align 8
  %24 = load %dimension_descriptor*, %dimension_descriptor** %20, align 8
  %25 = getelementptr inbounds %dimension_descriptor, %dimension_descriptor* %24, i32 0
  %26 = getelementptr %dimension_descriptor, %dimension_descriptor* %25, i32 0, i32 0
  %27 = getelementptr %dimension_descriptor, %dimension_descriptor* %25, i32 0, i32 1
  %28 = getelementptr %dimension_descriptor, %dimension_descriptor* %25, i32 0, i32 2
  %29 = getelementptr %dimension_descriptor, %dimension_descriptor* %25, i32 0, i32 3
  store i32 1, i32* %26, align 4
  store i32 1, i32* %27, align 4
  store i32 5, i32* %28, align 4
  %30 = load i32, i32* %28, align 4
  %31 = load i32, i32* %27, align 4
  %32 = sub i32 %30, %31
  %33 = add i32 %32, 1
  store i32 %33, i32* %29, align 4
  %34 = alloca i32, align 4
  store i32 5, i32* %34, align 4
  %35 = getelementptr %array, %array* %b, i32 0, i32 0
  %36 = load i32, i32* %34, align 4
  %37 = alloca float, i32 %36, align 4
  store float* %37, float** %35, align 8
  %c = alloca %array.0, align 8
  %38 = getelementptr %array.0, %array.0* %c, i32 0, i32 1
  store i32 0, i32* %38, align 4
  %39 = getelementptr %array.0, %array.0* %c, i32 0, i32 2
  %40 = alloca i32, align 4
  store i32 1, i32* %40, align 4
  %41 = load i32, i32* %40, align 4
  %42 = alloca %dimension_descriptor, i32 %41, align 8
  store %dimension_descriptor* %42, %dimension_descriptor** %39, align 8
  %43 = load %dimension_descriptor*, %dimension_descriptor** %39, align 8
  %44 = getelementptr inbounds %dimension_descriptor, %dimension_descriptor* %43, i32 0
  %45 = getelementptr %dimension_descriptor, %dimension_descriptor* %44, i32 0, i32 0
  %46 = getelementptr %dimension_descriptor, %dimension_descriptor* %44, i32 0, i32 1
  %47 = getelementptr %dimension_descriptor, %dimension_descriptor* %44, i32 0, i32 2
  %48 = getelementptr %dimension_descriptor, %dimension_descriptor* %44, i32 0, i32 3
  store i32 1, i32* %45, align 4
  store i32 1, i32* %46, align 4
  store i32 3, i32* %47, align 4
  %49 = load i32, i32* %47, align 4
  %50 = load i32, i32* %46, align 4
  %51 = sub i32 %49, %50
  %52 = add i32 %51, 1
  store i32 %52, i32* %48, align 4
  %53 = alloca i32, align 4
  store i32 3, i32* %53, align 4
  %54 = getelementptr %array.0, %array.0* %c, i32 0, i32 0
  %55 = load i32, i32* %53, align 4
  %56 = alloca i32, i32 %55, align 4
  store i32* %56, i32** %54, align 8
  %d = alloca %array.1, align 8
  %57 = getelementptr %array.1, %array.1* %d, i32 0, i32 1
  store i32 0, i32* %57, align 4
  %58 = getelementptr %array.1, %array.1* %d, i32 0, i32 2
  %59 = alloca i32, align 4
  store i32 1, i32* %59, align 4
  %60 = load i32, i32* %59, align 4
  %61 = alloca %dimension_descriptor, i32 %60, align 8
  store %dimension_descriptor* %61, %dimension_descriptor** %58, align 8
  %62 = load %dimension_descriptor*, %dimension_descriptor** %58, align 8
  %63 = getelementptr inbounds %dimension_descriptor, %dimension_descriptor* %62, i32 0
  %64 = getelementptr %dimension_descriptor, %dimension_descriptor* %63, i32 0, i32 0
  %65 = getelementptr %dimension_descriptor, %dimension_descriptor* %63, i32 0, i32 1
  %66 = getelementptr %dimension_descriptor, %dimension_descriptor* %63, i32 0, i32 2
  %67 = getelementptr %dimension_descriptor, %dimension_descriptor* %63, i32 0, i32 3
  store i32 1, i32* %64, align 4
  store i32 1, i32* %65, align 4
  store i32 2, i32* %66, align 4
  %68 = load i32, i32* %66, align 4
  %69 = load i32, i32* %65, align 4
  %70 = sub i32 %68, %69
  %71 = add i32 %70, 1
  store i32 %71, i32* %67, align 4
  %72 = alloca i32, align 4
  store i32 2, i32* %72, align 4
  %73 = getelementptr %array.1, %array.1* %d, i32 0, i32 0
  %74 = load i32, i32* %72, align 4
  %75 = alloca i1, i32 %74, align 1
  store i1* %75, i1** %73, align 8
  %e = alloca %array.2, align 8
  %76 = getelementptr %array.2, %array.2* %e, i32 0, i32 1
  store i32 0, i32* %76, align 4
  %77 = getelementptr %array.2, %array.2* %e, i32 0, i32 2
  %78 = alloca i32, align 4
  store i32 2, i32* %78, align 4
  %79 = load i32, i32* %78, align 4
  %80 = alloca %dimension_descriptor, i32 %79, align 8
  store %dimension_descriptor* %80, %dimension_descriptor** %77, align 8
  %81 = load %dimension_descriptor*, %dimension_descriptor** %77, align 8
  %82 = getelementptr inbounds %dimension_descriptor, %dimension_descriptor* %81, i32 0
  %83 = getelementptr %dimension_descriptor, %dimension_descriptor* %82, i32 0, i32 0
  %84 = getelementptr %dimension_descriptor, %dimension_descriptor* %82, i32 0, i32 1
  %85 = getelementptr %dimension_descriptor, %dimension_descriptor* %82, i32 0, i32 2
  %86 = getelementptr %dimension_descriptor, %dimension_descriptor* %82, i32 0, i32 3
  store i32 1, i32* %83, align 4
  store i32 1, i32* %84, align 4
  store i32 2, i32* %85, align 4
  %87 = load i32, i32* %85, align 4
  %88 = load i32, i32* %84, align 4
  %89 = sub i32 %87, %88
  %90 = add i32 %89, 1
  store i32 %90, i32* %86, align 4
  %91 = getelementptr inbounds %dimension_descriptor, %dimension_descriptor* %81, i32 1
  %92 = getelementptr %dimension_descriptor, %dimension_descriptor* %91, i32 0, i32 0
  %93 = getelementptr %dimension_descriptor, %dimension_descriptor* %91, i32 0, i32 1
  %94 = getelementptr %dimension_descriptor, %dimension_descriptor* %91, i32 0, i32 2
  %95 = getelementptr %dimension_descriptor, %dimension_descriptor* %91, i32 0, i32 3
  store i32 1, i32* %92, align 4
  store i32 1, i32* %93, align 4
  store i32 3, i32* %94, align 4
  %96 = load i32, i32* %94, align 4
  %97 = load i32, i32* %93, align 4
  %98 = sub i32 %96, %97
  %99 = add i32 %98, 1
  store i32 %99, i32* %95, align 4
  %100 = alloca i32, align 4
  store i32 6, i32* %100, align 4
  %101 = getelementptr %array.2, %array.2* %e, i32 0, i32 0
  %102 = load i32, i32* %100, align 4
  %103 = alloca float, i32 %102, align 4
  store float* %103, float** %101, align 8
  %f = alloca %array.3, align 8
  %104 = getelementptr %array.3, %array.3* %f, i32 0, i32 1
  store i32 0, i32* %104, align 4
  %105 = getelementptr %array.3, %array.3* %f, i32 0, i32 2
  %106 = alloca i32, align 4
  store i32 2, i32* %106, align 4
  %107 = load i32, i32* %106, align 4
  %108 = alloca %dimension_descriptor, i32 %107, align 8
  store %dimension_descriptor* %108, %dimension_descriptor** %105, align 8
  %109 = load %dimension_descriptor*, %dimension_descriptor** %105, align 8
  %110 = getelementptr inbounds %dimension_descriptor, %dimension_descriptor* %109, i32 0
  %111 = getelementptr %dimension_descriptor, %dimension_descriptor* %110, i32 0, i32 0
  %112 = getelementptr %dimension_descriptor, %dimension_descriptor* %110, i32 0, i32 1
  %113 = getelementptr %dimension_descriptor, %dimension_descriptor* %110, i32 0, i32 2
  %114 = getelementptr %dimension_descriptor, %dimension_descriptor* %110, i32 0, i32 3
  store i32 1, i32* %111, align 4
  store i32 1, i32* %112, align 4
  store i32 3, i32* %113, align 4
  %115 = load i32, i32* %113, align 4
  %116 = load i32, i32* %112, align 4
  %117 = sub i32 %115, %116
  %118 = add i32 %117, 1
  store i32 %118, i32* %114, align 4
  %119 = getelementptr inbounds %dimension_descriptor, %dimension_descriptor* %109, i32 1
  %120 = getelementptr %dimension_descriptor, %dimension_descriptor* %119, i32 0, i32 0
  %121 = getelementptr %dimension_descriptor, %dimension_descriptor* %119, i32 0, i32 1
  %122 = getelementptr %dimension_descriptor, %dimension_descriptor* %119, i32 0, i32 2
  %123 = getelementptr %dimension_descriptor, %dimension_descriptor* %119, i32 0, i32 3
  store i32 1, i32* %120, align 4
  store i32 1, i32* %121, align 4
  store i32 4, i32* %122, align 4
  %124 = load i32, i32* %122, align 4
  %125 = load i32, i32* %121, align 4
  %126 = sub i32 %124, %125
  %127 = add i32 %126, 1
  store i32 %127, i32* %123, align 4
  %128 = alloca i32, align 4
  store i32 12, i32* %128, align 4
  %129 = getelementptr %array.3, %array.3* %f, i32 0, i32 0
  %130 = load i32, i32* %128, align 4
  %131 = alloca i32, i32 %130, align 4
  store i32* %131, i32** %129, align 8
  %g = alloca %array.4, align 8
  %132 = getelementptr %array.4, %array.4* %g, i32 0, i32 1
  store i32 0, i32* %132, align 4
  %133 = getelementptr %array.4, %array.4* %g, i32 0, i32 2
  %134 = alloca i32, align 4
  store i32 2, i32* %134, align 4
  %135 = load i32, i32* %134, align 4
  %136 = alloca %dimension_descriptor, i32 %135, align 8
  store %dimension_descriptor* %136, %dimension_descriptor** %133, align 8
  %137 = load %dimension_descriptor*, %dimension_descriptor** %133, align 8
  %138 = getelementptr inbounds %dimension_descriptor, %dimension_descriptor* %137, i32 0
  %139 = getelementptr %dimension_descriptor, %dimension_descriptor* %138, i32 0, i32 0
  %140 = getelementptr %dimension_descriptor, %dimension_descriptor* %138, i32 0, i32 1
  %141 = getelementptr %dimension_descriptor, %dimension_descriptor* %138, i32 0, i32 2
  %142 = getelementptr %dimension_descriptor, %dimension_descriptor* %138, i32 0, i32 3
  store i32 1, i32* %139, align 4
  store i32 1, i32* %140, align 4
  store i32 5, i32* %141, align 4
  %143 = load i32, i32* %141, align 4
  %144 = load i32, i32* %140, align 4
  %145 = sub i32 %143, %144
  %146 = add i32 %145, 1
  store i32 %146, i32* %142, align 4
  %147 = getelementptr inbounds %dimension_descriptor, %dimension_descriptor* %137, i32 1
  %148 = getelementptr %dimension_descriptor, %dimension_descriptor* %147, i32 0, i32 0
  %149 = getelementptr %dimension_descriptor, %dimension_descriptor* %147, i32 0, i32 1
  %150 = getelementptr %dimension_descriptor, %dimension_descriptor* %147, i32 0, i32 2
  %151 = getelementptr %dimension_descriptor, %dimension_descriptor* %147, i32 0, i32 3
  store i32 1, i32* %148, align 4
  store i32 1, i32* %149, align 4
  store i32 2, i32* %150, align 4
  %152 = load i32, i32* %150, align 4
  %153 = load i32, i32* %149, align 4
  %154 = sub i32 %152, %153
  %155 = add i32 %154, 1
  store i32 %155, i32* %151, align 4
  %156 = alloca i32, align 4
  store i32 10, i32* %156, align 4
  %157 = getelementptr %array.4, %array.4* %g, i32 0, i32 0
  %158 = load i32, i32* %156, align 4
  %159 = alloca i1, i32 %158, align 1
  store i1* %159, i1** %157, align 8
  %h = alloca %array.5, align 8
  %160 = getelementptr %array.5, %array.5* %h, i32 0, i32 1
  store i32 0, i32* %160, align 4
  %161 = getelementptr %array.5, %array.5* %h, i32 0, i32 2
  %162 = alloca i32, align 4
  store i32 3, i32* %162, align 4
  %163 = load i32, i32* %162, align 4
  %164 = alloca %dimension_descriptor, i32 %163, align 8
  store %dimension_descriptor* %164, %dimension_descriptor** %161, align 8
  %165 = load %dimension_descriptor*, %dimension_descriptor** %161, align 8
  %166 = getelementptr inbounds %dimension_descriptor, %dimension_descriptor* %165, i32 0
  %167 = getelementptr %dimension_descriptor, %dimension_descriptor* %166, i32 0, i32 0
  %168 = getelementptr %dimension_descriptor, %dimension_descriptor* %166, i32 0, i32 1
  %169 = getelementptr %dimension_descriptor, %dimension_descriptor* %166, i32 0, i32 2
  %170 = getelementptr %dimension_descriptor, %dimension_descriptor* %166, i32 0, i32 3
  store i32 1, i32* %167, align 4
  store i32 2, i32* %168, align 4
  store i32 3, i32* %169, align 4
  %171 = load i32, i32* %169, align 4
  %172 = load i32, i32* %168, align 4
  %173 = sub i32 %171, %172
  %174 = add i32 %173, 1
  store i32 %174, i32* %170, align 4
  %175 = getelementptr inbounds %dimension_descriptor, %dimension_descriptor* %165, i32 1
  %176 = getelementptr %dimension_descriptor, %dimension_descriptor* %175, i32 0, i32 0
  %177 = getelementptr %dimension_descriptor, %dimension_descriptor* %175, i32 0, i32 1
  %178 = getelementptr %dimension_descriptor, %dimension_descriptor* %175, i32 0, i32 2
  %179 = getelementptr %dimension_descriptor, %dimension_descriptor* %175, i32 0, i32 3
  store i32 1, i32* %176, align 4
  store i32 3, i32* %177, align 4
  store i32 4, i32* %178, align 4
  %180 = load i32, i32* %178, align 4
  %181 = load i32, i32* %177, align 4
  %182 = sub i32 %180, %181
  %183 = add i32 %182, 1
  store i32 %183, i32* %179, align 4
  %184 = getelementptr inbounds %dimension_descriptor, %dimension_descriptor* %165, i32 2
  %185 = getelementptr %dimension_descriptor, %dimension_descriptor* %184, i32 0, i32 0
  %186 = getelementptr %dimension_descriptor, %dimension_descriptor* %184, i32 0, i32 1
  %187 = getelementptr %dimension_descriptor, %dimension_descriptor* %184, i32 0, i32 2
  %188 = getelementptr %dimension_descriptor, %dimension_descriptor* %184, i32 0, i32 3
  store i32 1, i32* %185, align 4
  store i32 4, i32* %186, align 4
  store i32 5, i32* %187, align 4
  %189 = load i32, i32* %187, align 4
  %190 = load i32, i32* %186, align 4
  %191 = sub i32 %189, %190
  %192 = add i32 %191, 1
  store i32 %192, i32* %188, align 4
  %193 = alloca i32, align 4
  store i32 8, i32* %193, align 4
  %194 = getelementptr %array.5, %array.5* %h, i32 0, i32 0
  %195 = load i32, i32* %193, align 4
  %196 = alloca float, i32 %195, align 4
  store float* %196, float** %194, align 8
  %i = alloca %array.6, align 8
  %197 = getelementptr %array.6, %array.6* %i, i32 0, i32 1
  store i32 0, i32* %197, align 4
  %198 = getelementptr %array.6, %array.6* %i, i32 0, i32 2
  %199 = alloca i32, align 4
  store i32 3, i32* %199, align 4
  %200 = load i32, i32* %199, align 4
  %201 = alloca %dimension_descriptor, i32 %200, align 8
  store %dimension_descriptor* %201, %dimension_descriptor** %198, align 8
  %202 = load %dimension_descriptor*, %dimension_descriptor** %198, align 8
  %203 = getelementptr inbounds %dimension_descriptor, %dimension_descriptor* %202, i32 0
  %204 = getelementptr %dimension_descriptor, %dimension_descriptor* %203, i32 0, i32 0
  %205 = getelementptr %dimension_descriptor, %dimension_descriptor* %203, i32 0, i32 1
  %206 = getelementptr %dimension_descriptor, %dimension_descriptor* %203, i32 0, i32 2
  %207 = getelementptr %dimension_descriptor, %dimension_descriptor* %203, i32 0, i32 3
  store i32 1, i32* %204, align 4
  store i32 3, i32* %205, align 4
  store i32 4, i32* %206, align 4
  %208 = load i32, i32* %206, align 4
  %209 = load i32, i32* %205, align 4
  %210 = sub i32 %208, %209
  %211 = add i32 %210, 1
  store i32 %211, i32* %207, align 4
  %212 = getelementptr inbounds %dimension_descriptor, %dimension_descriptor* %202, i32 1
  %213 = getelementptr %dimension_descriptor, %dimension_descriptor* %212, i32 0, i32 0
  %214 = getelementptr %dimension_descriptor, %dimension_descriptor* %212, i32 0, i32 1
  %215 = getelementptr %dimension_descriptor, %dimension_descriptor* %212, i32 0, i32 2
  %216 = getelementptr %dimension_descriptor, %dimension_descriptor* %212, i32 0, i32 3
  store i32 1, i32* %213, align 4
  store i32 4, i32* %214, align 4
  store i32 5, i32* %215, align 4
  %217 = load i32, i32* %215, align 4
  %218 = load i32, i32* %214, align 4
  %219 = sub i32 %217, %218
  %220 = add i32 %219, 1
  store i32 %220, i32* %216, align 4
  %221 = getelementptr inbounds %dimension_descriptor, %dimension_descriptor* %202, i32 2
  %222 = getelementptr %dimension_descriptor, %dimension_descriptor* %221, i32 0, i32 0
  %223 = getelementptr %dimension_descriptor, %dimension_descriptor* %221, i32 0, i32 1
  %224 = getelementptr %dimension_descriptor, %dimension_descriptor* %221, i32 0, i32 2
  %225 = getelementptr %dimension_descriptor, %dimension_descriptor* %221, i32 0, i32 3
  store i32 1, i32* %222, align 4
  store i32 3, i32* %223, align 4
  store i32 4, i32* %224, align 4
  %226 = load i32, i32* %224, align 4
  %227 = load i32, i32* %223, align 4
  %228 = sub i32 %226, %227
  %229 = add i32 %228, 1
  store i32 %229, i32* %225, align 4
  %230 = alloca i32, align 4
  store i32 8, i32* %230, align 4
  %231 = getelementptr %array.6, %array.6* %i, i32 0, i32 0
  %232 = load i32, i32* %230, align 4
  %233 = alloca i32, i32 %232, align 4
  store i32* %233, i32** %231, align 8
  %j = alloca %array.7, align 8
  %234 = getelementptr %array.7, %array.7* %j, i32 0, i32 1
  store i32 0, i32* %234, align 4
  %235 = getelementptr %array.7, %array.7* %j, i32 0, i32 2
  %236 = alloca i32, align 4
  store i32 3, i32* %236, align 4
  %237 = load i32, i32* %236, align 4
  %238 = alloca %dimension_descriptor, i32 %237, align 8
  store %dimension_descriptor* %238, %dimension_descriptor** %235, align 8
  %239 = load %dimension_descriptor*, %dimension_descriptor** %235, align 8
  %240 = getelementptr inbounds %dimension_descriptor, %dimension_descriptor* %239, i32 0
  %241 = getelementptr %dimension_descriptor, %dimension_descriptor* %240, i32 0, i32 0
  %242 = getelementptr %dimension_descriptor, %dimension_descriptor* %240, i32 0, i32 1
  %243 = getelementptr %dimension_descriptor, %dimension_descriptor* %240, i32 0, i32 2
  %244 = getelementptr %dimension_descriptor, %dimension_descriptor* %240, i32 0, i32 3
  store i32 1, i32* %241, align 4
  store i32 5, i32* %242, align 4
  store i32 6, i32* %243, align 4
  %245 = load i32, i32* %243, align 4
  %246 = load i32, i32* %242, align 4
  %247 = sub i32 %245, %246
  %248 = add i32 %247, 1
  store i32 %248, i32* %244, align 4
  %249 = getelementptr inbounds %dimension_descriptor, %dimension_descriptor* %239, i32 1
  %250 = getelementptr %dimension_descriptor, %dimension_descriptor* %249, i32 0, i32 0
  %251 = getelementptr %dimension_descriptor, %dimension_descriptor* %249, i32 0, i32 1
  %252 = getelementptr %dimension_descriptor, %dimension_descriptor* %249, i32 0, i32 2
  %253 = getelementptr %dimension_descriptor, %dimension_descriptor* %249, i32 0, i32 3
  store i32 1, i32* %250, align 4
  store i32 2, i32* %251, align 4
  store i32 3, i32* %252, align 4
  %254 = load i32, i32* %252, align 4
  %255 = load i32, i32* %251, align 4
  %256 = sub i32 %254, %255
  %257 = add i32 %256, 1
  store i32 %257, i32* %253, align 4
  %258 = getelementptr inbounds %dimension_descriptor, %dimension_descriptor* %239, i32 2
  %259 = getelementptr %dimension_descriptor, %dimension_descriptor* %258, i32 0, i32 0
  %260 = getelementptr %dimension_descriptor, %dimension_descriptor* %258, i32 0, i32 1
  %261 = getelementptr %dimension_descriptor, %dimension_descriptor* %258, i32 0, i32 2
  %262 = getelementptr %dimension_descriptor, %dimension_descriptor* %258, i32 0, i32 3
  store i32 1, i32* %259, align 4
  store i32 2, i32* %260, align 4
  store i32 4, i32* %261, align 4
  %263 = load i32, i32* %261, align 4
  %264 = load i32, i32* %260, align 4
  %265 = sub i32 %263, %264
  %266 = add i32 %265, 1
  store i32 %266, i32* %262, align 4
  %267 = alloca i32, align 4
  store i32 12, i32* %267, align 4
  %268 = getelementptr %array.7, %array.7* %j, i32 0, i32 0
  %269 = load i32, i32* %267, align 4
  %270 = alloca i1, i32 %269, align 1
  store i1* %270, i1** %268, align 8
  %p = alloca %array.8, align 8
  %271 = getelementptr %array.8, %array.8* %p, i32 0, i32 1
  store i32 0, i32* %271, align 4
  %272 = getelementptr %array.8, %array.8* %p, i32 0, i32 2
  %273 = alloca i32, align 4
  store i32 1, i32* %273, align 4
  %274 = load i32, i32* %273, align 4
  %275 = alloca %dimension_descriptor, i32 %274, align 8
  store %dimension_descriptor* %275, %dimension_descriptor** %272, align 8
  %276 = load %dimension_descriptor*, %dimension_descriptor** %272, align 8
  %277 = getelementptr inbounds %dimension_descriptor, %dimension_descriptor* %276, i32 0
  %278 = getelementptr %dimension_descriptor, %dimension_descriptor* %277, i32 0, i32 0
  %279 = getelementptr %dimension_descriptor, %dimension_descriptor* %277, i32 0, i32 1
  %280 = getelementptr %dimension_descriptor, %dimension_descriptor* %277, i32 0, i32 2
  %281 = getelementptr %dimension_descriptor, %dimension_descriptor* %277, i32 0, i32 3
  store i32 1, i32* %278, align 4
  store i32 1, i32* %279, align 4
  store i32 7, i32* %280, align 4
  %282 = load i32, i32* %280, align 4
  %283 = load i32, i32* %279, align 4
  %284 = sub i32 %282, %283
  %285 = add i32 %284, 1
  store i32 %285, i32* %281, align 4
  %286 = alloca i32, align 4
  store i32 7, i32* %286, align 4
  %287 = getelementptr %array.8, %array.8* %p, i32 0, i32 0
  %288 = load i32, i32* %286, align 4
  %289 = alloca %der_type, i32 %288, align 8
  store %der_type* %289, %der_type** %287, align 8
  %q = alloca %array.9, align 8
  %290 = getelementptr %array.9, %array.9* %q, i32 0, i32 1
  store i32 0, i32* %290, align 4
  %291 = getelementptr %array.9, %array.9* %q, i32 0, i32 2
  %292 = alloca i32, align 4
  store i32 2, i32* %292, align 4
  %293 = load i32, i32* %292, align 4
  %294 = alloca %dimension_descriptor, i32 %293, align 8
  store %dimension_descriptor* %294, %dimension_descriptor** %291, align 8
  %295 = load %dimension_descriptor*, %dimension_descriptor** %291, align 8
  %296 = getelementptr inbounds %dimension_descriptor, %dimension_descriptor* %295, i32 0
  %297 = getelementptr %dimension_descriptor, %dimension_descriptor* %296, i32 0, i32 0
  %298 = getelementptr %dimension_descriptor, %dimension_descriptor* %296, i32 0, i32 1
  %299 = getelementptr %dimension_descriptor, %dimension_descriptor* %296, i32 0, i32 2
  %300 = getelementptr %dimension_descriptor, %dimension_descriptor* %296, i32 0, i32 3
  store i32 1, i32* %297, align 4
  store i32 1, i32* %298, align 4
  store i32 7, i32* %299, align 4
  %301 = load i32, i32* %299, align 4
  %302 = load i32, i32* %298, align 4
  %303 = sub i32 %301, %302
  %304 = add i32 %303, 1
  store i32 %304, i32* %300, align 4
  %305 = getelementptr inbounds %dimension_descriptor, %dimension_descriptor* %295, i32 1
  %306 = getelementptr %dimension_descriptor, %dimension_descriptor* %305, i32 0, i32 0
  %307 = getelementptr %dimension_descriptor, %dimension_descriptor* %305, i32 0, i32 1
  %308 = getelementptr %dimension_descriptor, %dimension_descriptor* %305, i32 0, i32 2
  %309 = getelementptr %dimension_descriptor, %dimension_descriptor* %305, i32 0, i32 3
  store i32 1, i32* %306, align 4
  store i32 1, i32* %307, align 4
  store i32 9, i32* %308, align 4
  %310 = load i32, i32* %308, align 4
  %311 = load i32, i32* %307, align 4
  %312 = sub i32 %310, %311
  %313 = add i32 %312, 1
  store i32 %313, i32* %309, align 4
  %314 = alloca i32, align 4
  store i32 63, i32* %314, align 4
  %315 = getelementptr %array.9, %array.9* %q, i32 0, i32 0
  %316 = load i32, i32* %314, align 4
  %317 = alloca %der_type, i32 %316, align 8
  store %der_type* %317, %der_type** %315, align 8
  %r = alloca %array.10, align 8
  %318 = getelementptr %array.10, %array.10* %r, i32 0, i32 1
  store i32 0, i32* %318, align 4
  %319 = getelementptr %array.10, %array.10* %r, i32 0, i32 2
  %320 = alloca i32, align 4
  store i32 3, i32* %320, align 4
  %321 = load i32, i32* %320, align 4
  %322 = alloca %dimension_descriptor, i32 %321, align 8
  store %dimension_descriptor* %322, %dimension_descriptor** %319, align 8
  %323 = load %dimension_descriptor*, %dimension_descriptor** %319, align 8
  %324 = getelementptr inbounds %dimension_descriptor, %dimension_descriptor* %323, i32 0
  %325 = getelementptr %dimension_descriptor, %dimension_descriptor* %324, i32 0, i32 0
  %326 = getelementptr %dimension_descriptor, %dimension_descriptor* %324, i32 0, i32 1
  %327 = getelementptr %dimension_descriptor, %dimension_descriptor* %324, i32 0, i32 2
  %328 = getelementptr %dimension_descriptor, %dimension_descriptor* %324, i32 0, i32 3
  store i32 1, i32* %325, align 4
  store i32 7, i32* %326, align 4
  store i32 10, i32* %327, align 4
  %329 = load i32, i32* %327, align 4
  %330 = load i32, i32* %326, align 4
  %331 = sub i32 %329, %330
  %332 = add i32 %331, 1
  store i32 %332, i32* %328, align 4
  %333 = getelementptr inbounds %dimension_descriptor, %dimension_descriptor* %323, i32 1
  %334 = getelementptr %dimension_descriptor, %dimension_descriptor* %333, i32 0, i32 0
  %335 = getelementptr %dimension_descriptor, %dimension_descriptor* %333, i32 0, i32 1
  %336 = getelementptr %dimension_descriptor, %dimension_descriptor* %333, i32 0, i32 2
  %337 = getelementptr %dimension_descriptor, %dimension_descriptor* %333, i32 0, i32 3
  store i32 1, i32* %334, align 4
  store i32 9, i32* %335, align 4
  store i32 15, i32* %336, align 4
  %338 = load i32, i32* %336, align 4
  %339 = load i32, i32* %335, align 4
  %340 = sub i32 %338, %339
  %341 = add i32 %340, 1
  store i32 %341, i32* %337, align 4
  %342 = getelementptr inbounds %dimension_descriptor, %dimension_descriptor* %323, i32 2
  %343 = getelementptr %dimension_descriptor, %dimension_descriptor* %342, i32 0, i32 0
  %344 = getelementptr %dimension_descriptor, %dimension_descriptor* %342, i32 0, i32 1
  %345 = getelementptr %dimension_descriptor, %dimension_descriptor* %342, i32 0, i32 2
  %346 = getelementptr %dimension_descriptor, %dimension_descriptor* %342, i32 0, i32 3
  store i32 1, i32* %343, align 4
  store i32 16, i32* %344, align 4
  store i32 18, i32* %345, align 4
  %347 = load i32, i32* %345, align 4
  %348 = load i32, i32* %344, align 4
  %349 = sub i32 %347, %348
  %350 = add i32 %349, 1
  store i32 %350, i32* %346, align 4
  %351 = alloca i32, align 4
  store i32 84, i32* %351, align 4
  %352 = getelementptr %array.10, %array.10* %r, i32 0, i32 0
  %353 = load i32, i32* %351, align 4
  %354 = alloca %der_type, i32 %353, align 8
  store %der_type* %354, %der_type** %352, align 8
  %x = alloca %array.11, align 8
  %355 = getelementptr %array.11, %array.11* %x, i32 0, i32 1
  store i32 0, i32* %355, align 4
  %356 = getelementptr %array.11, %array.11* %x, i32 0, i32 2
  %357 = alloca i32, align 4
  store i32 1, i32* %357, align 4
  %358 = load i32, i32* %357, align 4
  %359 = alloca %dimension_descriptor, i32 %358, align 8
  store %dimension_descriptor* %359, %dimension_descriptor** %356, align 8
  %360 = load %dimension_descriptor*, %dimension_descriptor** %356, align 8
  %361 = getelementptr inbounds %dimension_descriptor, %dimension_descriptor* %360, i32 0
  %362 = getelementptr %dimension_descriptor, %dimension_descriptor* %361, i32 0, i32 0
  %363 = getelementptr %dimension_descriptor, %dimension_descriptor* %361, i32 0, i32 1
  %364 = getelementptr %dimension_descriptor, %dimension_descriptor* %361, i32 0, i32 2
  %365 = getelementptr %dimension_descriptor, %dimension_descriptor* %361, i32 0, i32 3
  store i32 1, i32* %362, align 4
  store i32 1, i32* %363, align 4
  store i32 6, i32* %364, align 4
  %366 = load i32, i32* %364, align 4
  %367 = load i32, i32* %363, align 4
  %368 = sub i32 %366, %367
  %369 = add i32 %368, 1
  store i32 %369, i32* %365, align 4
  %370 = alloca i32, align 4
  store i32 6, i32* %370, align 4
  %371 = getelementptr %array.11, %array.11* %x, i32 0, i32 0
  %372 = load i32, i32* %370, align 4
  %373 = alloca %complex_4, i32 %372, align 8
  store %complex_4* %373, %complex_4** %371, align 8
  %y = alloca %array.12, align 8
  %374 = getelementptr %array.12, %array.12* %y, i32 0, i32 1
  store i32 0, i32* %374, align 4
  %375 = getelementptr %array.12, %array.12* %y, i32 0, i32 2
  %376 = alloca i32, align 4
  store i32 2, i32* %376, align 4
  %377 = load i32, i32* %376, align 4
  %378 = alloca %dimension_descriptor, i32 %377, align 8
  store %dimension_descriptor* %378, %dimension_descriptor** %375, align 8
  %379 = load %dimension_descriptor*, %dimension_descriptor** %375, align 8
  %380 = getelementptr inbounds %dimension_descriptor, %dimension_descriptor* %379, i32 0
  %381 = getelementptr %dimension_descriptor, %dimension_descriptor* %380, i32 0, i32 0
  %382 = getelementptr %dimension_descriptor, %dimension_descriptor* %380, i32 0, i32 1
  %383 = getelementptr %dimension_descriptor, %dimension_descriptor* %380, i32 0, i32 2
  %384 = getelementptr %dimension_descriptor, %dimension_descriptor* %380, i32 0, i32 3
  store i32 1, i32* %381, align 4
  store i32 1, i32* %382, align 4
  store i32 6, i32* %383, align 4
  %385 = load i32, i32* %383, align 4
  %386 = load i32, i32* %382, align 4
  %387 = sub i32 %385, %386
  %388 = add i32 %387, 1
  store i32 %388, i32* %384, align 4
  %389 = getelementptr inbounds %dimension_descriptor, %dimension_descriptor* %379, i32 1
  %390 = getelementptr %dimension_descriptor, %dimension_descriptor* %389, i32 0, i32 0
  %391 = getelementptr %dimension_descriptor, %dimension_descriptor* %389, i32 0, i32 1
  %392 = getelementptr %dimension_descriptor, %dimension_descriptor* %389, i32 0, i32 2
  %393 = getelementptr %dimension_descriptor, %dimension_descriptor* %389, i32 0, i32 3
  store i32 1, i32* %390, align 4
  store i32 1, i32* %391, align 4
  store i32 8, i32* %392, align 4
  %394 = load i32, i32* %392, align 4
  %395 = load i32, i32* %391, align 4
  %396 = sub i32 %394, %395
  %397 = add i32 %396, 1
  store i32 %397, i32* %393, align 4
  %398 = alloca i32, align 4
  store i32 48, i32* %398, align 4
  %399 = getelementptr %array.12, %array.12* %y, i32 0, i32 0
  %400 = load i32, i32* %398, align 4
  %401 = alloca %complex_4, i32 %400, align 8
  store %complex_4* %401, %complex_4** %399, align 8
  %z = alloca %array.13, align 8
  %402 = getelementptr %array.13, %array.13* %z, i32 0, i32 1
  store i32 0, i32* %402, align 4
  %403 = getelementptr %array.13, %array.13* %z, i32 0, i32 2
  %404 = alloca i32, align 4
  store i32 3, i32* %404, align 4
  %405 = load i32, i32* %404, align 4
  %406 = alloca %dimension_descriptor, i32 %405, align 8
  store %dimension_descriptor* %406, %dimension_descriptor** %403, align 8
  %407 = load %dimension_descriptor*, %dimension_descriptor** %403, align 8
  %408 = getelementptr inbounds %dimension_descriptor, %dimension_descriptor* %407, i32 0
  %409 = getelementptr %dimension_descriptor, %dimension_descriptor* %408, i32 0, i32 0
  %410 = getelementptr %dimension_descriptor, %dimension_descriptor* %408, i32 0, i32 1
  %411 = getelementptr %dimension_descriptor, %dimension_descriptor* %408, i32 0, i32 2
  %412 = getelementptr %dimension_descriptor, %dimension_descriptor* %408, i32 0, i32 3
  store i32 1, i32* %409, align 4
  store i32 6, i32* %410, align 4
  store i32 7, i32* %411, align 4
  %413 = load i32, i32* %411, align 4
  %414 = load i32, i32* %410, align 4
  %415 = sub i32 %413, %414
  %416 = add i32 %415, 1
  store i32 %416, i32* %412, align 4
  %417 = getelementptr inbounds %dimension_descriptor, %dimension_descriptor* %407, i32 1
  %418 = getelementptr %dimension_descriptor, %dimension_descriptor* %417, i32 0, i32 0
  %419 = getelementptr %dimension_descriptor, %dimension_descriptor* %417, i32 0, i32 1
  %420 = getelementptr %dimension_descriptor, %dimension_descriptor* %417, i32 0, i32 2
  %421 = getelementptr %dimension_descriptor, %dimension_descriptor* %417, i32 0, i32 3
  store i32 1, i32* %418, align 4
  store i32 8, i32* %419, align 4
  store i32 10, i32* %420, align 4
  %422 = load i32, i32* %420, align 4
  %423 = load i32, i32* %419, align 4
  %424 = sub i32 %422, %423
  %425 = add i32 %424, 1
  store i32 %425, i32* %421, align 4
  %426 = getelementptr inbounds %dimension_descriptor, %dimension_descriptor* %407, i32 2
  %427 = getelementptr %dimension_descriptor, %dimension_descriptor* %426, i32 0, i32 0
  %428 = getelementptr %dimension_descriptor, %dimension_descriptor* %426, i32 0, i32 1
  %429 = getelementptr %dimension_descriptor, %dimension_descriptor* %426, i32 0, i32 2
  %430 = getelementptr %dimension_descriptor, %dimension_descriptor* %426, i32 0, i32 3
  store i32 1, i32* %427, align 4
  store i32 11, i32* %428, align 4
  store i32 13, i32* %429, align 4
  %431 = load i32, i32* %429, align 4
  %432 = load i32, i32* %428, align 4
  %433 = sub i32 %431, %432
  %434 = add i32 %433, 1
  store i32 %434, i32* %430, align 4
  %435 = alloca i32, align 4
  store i32 18, i32* %435, align 4
  %436 = getelementptr %array.13, %array.13* %z, i32 0, i32 0
  %437 = load i32, i32* %435, align 4
  %438 = alloca %complex_4, i32 %437, align 8
  store %complex_4* %438, %complex_4** %436, align 8
  ret i32 0
}
