test writing a logical

formatted write
      T
      F
using print
True
False
