warning: Function with no body
 --> tests/../integration_tests/abs_01.f90:1:1
  |
1 | program abs_01
  | ^ char

warning: WASM: C Intrinsic Functions not yet spported
 --> tests/../integration_tests/abs_01.f90:1:1
  |
1 | program abs_01
  | ^ char

warning: Function with no body
 --> tests/../integration_tests/abs_01.f90:1:1
  |
1 | program abs_01
  | ^ move_alloc

warning: WASM: C Intrinsic Functions not yet spported
 --> tests/../integration_tests/abs_01.f90:1:1
  |
1 | program abs_01
  | ^ move_alloc

warning: WASM: C Intrinsic Functions not yet spported
 --> tests/../integration_tests/abs_01.f90:1:1
  |
1 | program abs_01
  | ^ cpu_time

warning: WASM: C Intrinsic Functions not yet spported
 --> tests/../integration_tests/abs_01.f90:1:1
  |
1 | program abs_01
  | ^ dp_rand_num

warning: WASM: C Intrinsic Functions not yet spported
 --> tests/../integration_tests/abs_01.f90:1:1
  |
1 | program abs_01
  | ^ i32sys_clock

warning: WASM: C Intrinsic Functions not yet spported
 --> tests/../integration_tests/abs_01.f90:1:1
  |
1 | program abs_01
  | ^ i64sys_clock

warning: WASM: C Intrinsic Functions not yet spported
 --> tests/../integration_tests/abs_01.f90:1:1
  |
1 | program abs_01
  | ^ sabs

warning: WASM: C Intrinsic Functions not yet spported
 --> tests/../integration_tests/abs_01.f90:1:1
  |
1 | program abs_01
  | ^ sp_rand_num
